[2026-10-05T07:37:07.784Z] Started by user admin
[2026-10-05T07:37:08.149Z] Obtained Jenkinsfile from git https://github.com/Swaroop192005/CI-CD-Pipeline-for-a-Student-Attendance-Management.git
[2026-10-05T07:37:08.230Z] [Pipeline] Start of Pipeline
[2026-10-05T07:37:08.349Z] [Pipeline] node
[2026-10-05T07:37:08.356Z] Running on Jenkins in /var/jenkins_home/jobs/attendance-portal-pipeline/workspace
[2026-10-05T07:37:08.369Z] [Pipeline] {
[2026-10-05T07:37:08.383Z] [Pipeline] stage
[2026-10-05T07:37:08.385Z] [Pipeline] { (Declarative: Checkout SCM)
[2026-10-05T07:37:08.401Z] [Pipeline] checkout
[2026-10-05T07:37:08.404Z] Selected Git installation does not exist. Using Default
[2026-10-05T07:37:08.405Z] The recommended git tool is: NONE
[2026-10-05T07:37:08.405Z] No credentials specified
[2026-10-05T07:37:08.405Z]  > git rev-parse --resolve-git-dir /var/jenkins_home/jobs/attendance-portal-pipeline/workspace/.git # timeout=10
[2026-10-05T07:37:08.413Z] Fetching changes from the remote Git repository
[2026-10-05T07:37:08.414Z]  > git config remote.origin.url https://github.com/Swaroop192005/CI-CD-Pipeline-for-a-Student-Attendance-Management.git # timeout=10
[2026-10-05T07:37:08.419Z] Fetching upstream changes from https://github.com/Swaroop192005/CI-CD-Pipeline-for-a-Student-Attendance-Management.git
[2026-10-05T07:37:08.420Z]  > git --version # timeout=10
[2026-10-05T07:37:08.424Z]  > git --version # 'git version 2.47.3'
[2026-10-05T07:37:08.424Z]  > git fetch --tags --force --progress -- https://github.com/Swaroop192005/CI-CD-Pipeline-for-a-Student-Attendance-Management.git +refs/heads/*:refs/remotes/origin/* # timeout=10
[2026-10-05T07:37:08.771Z]  > git rev-parse refs/remotes/origin/develop^{commit} # timeout=10
[2026-10-05T07:37:08.776Z] Checking out Revision 3b4a92f73fc5e58c3f3f865f7b109502f5fd5253 (refs/remotes/origin/develop)
[2026-10-05T07:37:08.776Z]  > git config core.sparsecheckout # timeout=10
[2026-10-05T07:37:08.780Z]  > git checkout -f 3b4a92f73fc5e58c3f3f865f7b109502f5fd5253 # timeout=10
[2026-10-05T07:37:08.796Z] Commit message: "Merge branch 'chore/pipeline-per-environment-target' into develop"
[2026-10-05T07:37:08.796Z]  > git rev-list --no-walk 3b4a92f73fc5e58c3f3f865f7b109502f5fd5253 # timeout=10
[2026-10-05T07:37:08.814Z] [Pipeline] }
[2026-10-05T07:37:08.829Z] [Pipeline] // stage
[2026-10-05T07:37:08.842Z] [Pipeline] withEnv
[2026-10-05T07:37:08.844Z] [Pipeline] {
[2026-10-05T07:37:08.863Z] [Pipeline] withEnv
[2026-10-05T07:37:08.866Z] [Pipeline] {
[2026-10-05T07:37:08.885Z] [Pipeline] timestamps
[2026-10-05T07:37:08.885Z] The timestamps step is unnecessary when timestamps are enabled for all Pipeline builds.
[2026-10-05T07:37:08.889Z] [Pipeline] {
[2026-10-05T07:37:08.903Z] [Pipeline] timeout
[2026-10-05T07:37:08.903Z] Timeout set to expire in 40 min
[2026-10-05T07:37:08.905Z] [Pipeline] {
[2026-10-05T07:37:08.920Z] [Pipeline] stage
[2026-10-05T07:37:08.921Z] [Pipeline] { (Checkout)
[2026-10-05T07:37:08.950Z] [Pipeline] checkout
[2026-10-05T07:37:08.953Z] Selected Git installation does not exist. Using Default
[2026-10-05T07:37:08.953Z] The recommended git tool is: NONE
[2026-10-05T07:37:08.953Z] No credentials specified
[2026-10-05T07:37:08.953Z]  > git rev-parse --resolve-git-dir /var/jenkins_home/jobs/attendance-portal-pipeline/workspace/.git # timeout=10
[2026-10-05T07:37:08.959Z] Fetching changes from the remote Git repository
[2026-10-05T07:37:08.961Z]  > git config remote.origin.url https://github.com/Swaroop192005/CI-CD-Pipeline-for-a-Student-Attendance-Management.git # timeout=10
[2026-10-05T07:37:08.966Z] Fetching upstream changes from https://github.com/Swaroop192005/CI-CD-Pipeline-for-a-Student-Attendance-Management.git
[2026-10-05T07:37:08.966Z]  > git --version # timeout=10
[2026-10-05T07:37:08.970Z]  > git --version # 'git version 2.47.3'
[2026-10-05T07:37:08.970Z]  > git fetch --tags --force --progress -- https://github.com/Swaroop192005/CI-CD-Pipeline-for-a-Student-Attendance-Management.git +refs/heads/*:refs/remotes/origin/* # timeout=10
[2026-10-05T07:37:09.537Z]  > git rev-parse refs/remotes/origin/develop^{commit} # timeout=10
[2026-10-05T07:37:09.543Z] Checking out Revision 3b4a92f73fc5e58c3f3f865f7b109502f5fd5253 (refs/remotes/origin/develop)
[2026-10-05T07:37:09.544Z]  > git config core.sparsecheckout # timeout=10
[2026-10-05T07:37:09.549Z]  > git checkout -f 3b4a92f73fc5e58c3f3f865f7b109502f5fd5253 # timeout=10
[2026-10-05T07:37:09.559Z] Commit message: "Merge branch 'chore/pipeline-per-environment-target' into develop"
[2026-10-05T07:37:09.570Z] [Pipeline] script
[2026-10-05T07:37:09.577Z] [Pipeline] {
[2026-10-05T07:37:09.595Z] [Pipeline] sh
[2026-10-05T07:37:09.852Z] + git rev-parse --short HEAD
[2026-10-05T07:37:09.868Z] [Pipeline] sh
[2026-10-05T07:37:10.125Z] + git rev-parse --abbrev-ref HEAD
[2026-10-05T07:37:10.155Z] [Pipeline] echo
[2026-10-05T07:37:10.157Z] Building 1.0.6-3b4a92f from HEAD (3b4a92f)
[2026-10-05T07:37:10.162Z] [Pipeline] echo
[2026-10-05T07:37:10.164Z] Deployment target container: attendance-tomcat-production
[2026-10-05T07:37:10.166Z] [Pipeline] }
[2026-10-05T07:37:10.178Z] [Pipeline] // script
[2026-10-05T07:37:10.185Z] [Pipeline] }
[2026-10-05T07:37:10.198Z] [Pipeline] // stage
[2026-10-05T07:37:10.209Z] [Pipeline] stage
[2026-10-05T07:37:10.211Z] [Pipeline] { (Build)
[2026-10-05T07:37:10.229Z] [Pipeline] sh
[2026-10-05T07:37:10.486Z] + /opt/maven/bin/mvn -B -DskipTests clean compile
[2026-10-05T07:37:11.833Z] [INFO] Scanning for projects...
[2026-10-05T07:37:12.384Z] [INFO] ------------------------------------------------------------------------
[2026-10-05T07:37:12.384Z] [INFO] Reactor Build Order:
[2026-10-05T07:37:12.384Z] [INFO] 
[2026-10-05T07:37:12.384Z] [INFO] Student Attendance Management Portal                               [pom]
[2026-10-05T07:37:12.384Z] [INFO] Attendance Portal :: Application                                   [war]
[2026-10-05T07:37:12.384Z] [INFO] 
[2026-10-05T07:37:12.384Z] [INFO] ----------< com.college.attendance:attendance-portal-parent >-----------
[2026-10-05T07:37:12.384Z] [INFO] Building Student Attendance Management Portal 1.0.0-SNAPSHOT       [1/2]
[2026-10-05T07:37:12.384Z] [INFO]   from pom.xml
[2026-10-05T07:37:12.384Z] [INFO] --------------------------------[ pom ]---------------------------------
[2026-10-05T07:37:12.384Z] [INFO] 
[2026-10-05T07:37:12.384Z] [INFO] --- clean:3.4.1:clean (default-clean) @ attendance-portal-parent ---
[2026-10-05T07:37:12.384Z] [INFO] 
[2026-10-05T07:37:12.384Z] [INFO] ---------------< com.college.attendance:attendance-app >----------------
[2026-10-05T07:37:12.384Z] [INFO] Building Attendance Portal :: Application 1.0.0-SNAPSHOT           [2/2]
[2026-10-05T07:37:12.384Z] [INFO]   from app/pom.xml
[2026-10-05T07:37:12.384Z] [INFO] --------------------------------[ war ]---------------------------------
[2026-10-05T07:37:12.635Z] [INFO] 
[2026-10-05T07:37:12.635Z] [INFO] --- clean:3.4.1:clean (default-clean) @ attendance-app ---
[2026-10-05T07:37:12.635Z] [INFO] 
[2026-10-05T07:37:12.635Z] [INFO] --- jacoco:0.8.13:prepare-agent (prepare-agent) @ attendance-app ---
[2026-10-05T07:37:12.885Z] [INFO] argLine set to -javaagent:/root/.m2/repository/org/jacoco/org.jacoco.agent/0.8.13/org.jacoco.agent-0.8.13-runtime.jar=destfile=/var/jenkins_home/jobs/attendance-portal-pipeline/workspace/app/target/jacoco.exec
[2026-10-05T07:37:12.885Z] [INFO] 
[2026-10-05T07:37:12.885Z] [INFO] --- resources:3.3.1:resources (default-resources) @ attendance-app ---
[2026-10-05T07:37:12.885Z] [INFO] Copying 1 resource from src/main/resources to target/classes
[2026-10-05T07:37:12.885Z] [INFO] Copying 10 resources from src/main/resources to target/classes
[2026-10-05T07:37:12.885Z] [INFO] 
[2026-10-05T07:37:12.885Z] [INFO] --- compiler:3.14.1:compile (default-compile) @ attendance-app ---
[2026-10-05T07:37:13.136Z] [INFO] Recompiling the module because of changed source code.
[2026-10-05T07:37:13.136Z] [INFO] Compiling 39 source files with javac [debug parameters release 21] to target/classes
[2026-10-05T07:37:14.482Z] [INFO] ------------------------------------------------------------------------
[2026-10-05T07:37:14.482Z] [INFO] Reactor Summary for Student Attendance Management Portal 1.0.0-SNAPSHOT:
[2026-10-05T07:37:14.482Z] [INFO] 
[2026-10-05T07:37:14.482Z] [INFO] Student Attendance Management Portal ............... SUCCESS [  0.130 s]
[2026-10-05T07:37:14.482Z] [INFO] Attendance Portal :: Application ................... SUCCESS [  2.141 s]
[2026-10-05T07:37:14.482Z] [INFO] ------------------------------------------------------------------------
[2026-10-05T07:37:14.482Z] [INFO] BUILD SUCCESS
[2026-10-05T07:37:14.482Z] [INFO] ------------------------------------------------------------------------
[2026-10-05T07:37:14.482Z] [INFO] Total time:  2.588 s
[2026-10-05T07:37:14.482Z] [INFO] Finished at: 2026-10-05T07:37:14Z
[2026-10-05T07:37:14.482Z] [INFO] ------------------------------------------------------------------------
[2026-10-05T07:37:14.490Z] [Pipeline] }
[2026-10-05T07:37:14.503Z] [Pipeline] // stage
[2026-10-05T07:37:14.514Z] [Pipeline] stage
[2026-10-05T07:37:14.516Z] [Pipeline] { (Unit test)
[2026-10-05T07:37:14.534Z] [Pipeline] sh
[2026-10-05T07:37:14.792Z] + /opt/maven/bin/mvn -B test
[2026-10-05T07:37:16.139Z] [INFO] Scanning for projects...
[2026-10-05T07:37:16.390Z] [INFO] ------------------------------------------------------------------------
[2026-10-05T07:37:16.390Z] [INFO] Reactor Build Order:
[2026-10-05T07:37:16.390Z] [INFO] 
[2026-10-05T07:37:16.390Z] [INFO] Student Attendance Management Portal                               [pom]
[2026-10-05T07:37:16.390Z] [INFO] Attendance Portal :: Application                                   [war]
[2026-10-05T07:37:16.390Z] [INFO] 
[2026-10-05T07:37:16.390Z] [INFO] ----------< com.college.attendance:attendance-portal-parent >-----------
[2026-10-05T07:37:16.390Z] [INFO] Building Student Attendance Management Portal 1.0.0-SNAPSHOT       [1/2]
[2026-10-05T07:37:16.390Z] [INFO]   from pom.xml
[2026-10-05T07:37:16.390Z] [INFO] --------------------------------[ pom ]---------------------------------
[2026-10-05T07:37:16.390Z] [INFO] 
[2026-10-05T07:37:16.390Z] [INFO] ---------------< com.college.attendance:attendance-app >----------------
[2026-10-05T07:37:16.390Z] [INFO] Building Attendance Portal :: Application 1.0.0-SNAPSHOT           [2/2]
[2026-10-05T07:37:16.390Z] [INFO]   from app/pom.xml
[2026-10-05T07:37:16.390Z] [INFO] --------------------------------[ war ]---------------------------------
[2026-10-05T07:37:16.944Z] [INFO] 
[2026-10-05T07:37:16.944Z] [INFO] --- jacoco:0.8.13:prepare-agent (prepare-agent) @ attendance-app ---
[2026-10-05T07:37:16.944Z] [INFO] argLine set to -javaagent:/root/.m2/repository/org/jacoco/org.jacoco.agent/0.8.13/org.jacoco.agent-0.8.13-runtime.jar=destfile=/var/jenkins_home/jobs/attendance-portal-pipeline/workspace/app/target/jacoco.exec
[2026-10-05T07:37:16.944Z] [INFO] 
[2026-10-05T07:37:16.944Z] [INFO] --- resources:3.3.1:resources (default-resources) @ attendance-app ---
[2026-10-05T07:37:17.194Z] [INFO] Copying 1 resource from src/main/resources to target/classes
[2026-10-05T07:37:17.194Z] [INFO] Copying 10 resources from src/main/resources to target/classes
[2026-10-05T07:37:17.194Z] [INFO] 
[2026-10-05T07:37:17.194Z] [INFO] --- compiler:3.14.1:compile (default-compile) @ attendance-app ---
[2026-10-05T07:37:17.194Z] [INFO] Nothing to compile - all classes are up to date.
[2026-10-05T07:37:17.194Z] [INFO] 
[2026-10-05T07:37:17.194Z] [INFO] --- resources:3.3.1:testResources (default-testResources) @ attendance-app ---
[2026-10-05T07:37:17.194Z] [INFO] Copying 1 resource from src/test/resources to target/test-classes
[2026-10-05T07:37:17.194Z] [INFO] 
[2026-10-05T07:37:17.194Z] [INFO] --- compiler:3.14.1:testCompile (default-testCompile) @ attendance-app ---
[2026-10-05T07:37:17.194Z] [INFO] Recompiling the module because of changed source code.
[2026-10-05T07:37:17.194Z] [INFO] Compiling 10 source files with javac [debug parameters release 21] to target/test-classes
[2026-10-05T07:37:19.063Z] [INFO] 
[2026-10-05T07:37:19.063Z] [INFO] --- surefire:3.5.6:test (default-test) @ attendance-app ---
[2026-10-05T07:37:19.063Z] [INFO] Using auto detected provider org.apache.maven.surefire.junitplatform.JUnitPlatformProvider
[2026-10-05T07:37:19.063Z] [INFO] 
[2026-10-05T07:37:19.063Z] [INFO] -------------------------------------------------------
[2026-10-05T07:37:19.063Z] [INFO]  T E S T S
[2026-10-05T07:37:19.063Z] [INFO] -------------------------------------------------------
[2026-10-05T07:37:20.409Z] [INFO] Running com.college.attendance.config.CurrentUserTest
[2026-10-05T07:37:20.409Z] 07:37:20.344 [main] INFO org.springframework.test.context.support.AnnotationConfigContextLoaderUtils -- Could not detect default configuration classes for test class [com.college.attendance.config.CurrentUserTest]: CurrentUserTest does not declare any static, non-private, non-final, nested classes annotated with @Configuration.
[2026-10-05T07:37:20.960Z] 07:37:20.594 [main] INFO org.springframework.boot.test.context.SpringBootTestContextBootstrapper -- Found @SpringBootConfiguration com.college.attendance.AttendancePortalApplication for test class com.college.attendance.config.CurrentUserTest
[2026-10-05T07:37:21.511Z] 
[2026-10-05T07:37:21.511Z]   .   ____          _            __ _ _
[2026-10-05T07:37:21.511Z]  /\\ / ___'_ __ _ _(_)_ __  __ _ \ \ \ \
[2026-10-05T07:37:21.511Z] ( ( )\___ | '_ | '_| | '_ \/ _` | \ \ \ \
[2026-10-05T07:37:21.511Z]  \\/  ___)| |_)| | | | | || (_| |  ) ) ) )
[2026-10-05T07:37:21.511Z]   '  |____| .__|_| |_|_| |_\__, | / / / /
[2026-10-05T07:37:21.511Z]  =========|_|==============|___/=/_/_/_/
[2026-10-05T07:37:21.511Z] 
[2026-10-05T07:37:21.511Z]  :: Spring Boot ::               (v3.5.16)
[2026-10-05T07:37:21.511Z] 
[2026-10-05T07:37:21.511Z] 2026-10-05T07:37:21.443Z  INFO 5326 --- [attendance-portal] [           main] c.c.attendance.config.CurrentUserTest    : Starting CurrentUserTest using Java 21.0.12.1 with PID 5326 (started by root in /var/jenkins_home/jobs/attendance-portal-pipeline/workspace/app)
[2026-10-05T07:37:21.511Z] 2026-10-05T07:37:21.445Z  INFO 5326 --- [attendance-portal] [           main] c.c.attendance.config.CurrentUserTest    : The following 1 profile is active: "test"
[2026-10-05T07:37:23.379Z] 2026-10-05T07:37:23.034Z  INFO 5326 --- [attendance-portal] [           main] .s.d.r.c.RepositoryConfigurationDelegate : Bootstrapping Spring Data JPA repositories in DEFAULT mode.
[2026-10-05T07:37:23.379Z] 2026-10-05T07:37:23.131Z  INFO 5326 --- [attendance-portal] [           main] .s.d.r.c.RepositoryConfigurationDelegate : Finished Spring Data repository scanning in 78 ms. Found 3 JPA repository interfaces.
[2026-10-05T07:37:24.292Z] 2026-10-05T07:37:23.927Z  INFO 5326 --- [attendance-portal] [           main] o.hibernate.jpa.internal.util.LogHelper  : HHH000204: Processing PersistenceUnitInfo [name: default]
[2026-10-05T07:37:24.292Z] 2026-10-05T07:37:24.042Z  INFO 5326 --- [attendance-portal] [           main] org.hibernate.Version                    : HHH000412: Hibernate ORM core version 6.6.53.Final
[2026-10-05T07:37:24.292Z] 2026-10-05T07:37:24.112Z  INFO 5326 --- [attendance-portal] [           main] o.h.c.internal.RegionFactoryInitiator    : HHH000026: Second-level cache disabled
[2026-10-05T07:37:24.843Z] 2026-10-05T07:37:24.598Z  INFO 5326 --- [attendance-portal] [           main] o.s.o.j.p.SpringPersistenceUnitInfo      : No LoadTimeWeaver setup: ignoring JPA class transformer
[2026-10-05T07:37:24.843Z] 2026-10-05T07:37:24.665Z  INFO 5326 --- [attendance-portal] [           main] com.zaxxer.hikari.HikariDataSource       : HikariPool-1 - Starting...
[2026-10-05T07:37:25.397Z] 2026-10-05T07:37:25.089Z  INFO 5326 --- [attendance-portal] [           main] com.zaxxer.hikari.pool.HikariPool        : HikariPool-1 - Added connection conn0: url=jdbc:h2:mem:attendance-test user=SA
[2026-10-05T07:37:25.398Z] 2026-10-05T07:37:25.093Z  INFO 5326 --- [attendance-portal] [           main] com.zaxxer.hikari.HikariDataSource       : HikariPool-1 - Start completed.
[2026-10-05T07:37:25.398Z] 2026-10-05T07:37:25.205Z  INFO 5326 --- [attendance-portal] [           main] org.hibernate.orm.connections.pooling    : HHH10001005: Database info:
[2026-10-05T07:37:25.398Z] 	Database JDBC URL [Connecting through datasource 'HikariDataSource (HikariPool-1)']
[2026-10-05T07:37:25.398Z] 	Database driver: undefined/unknown
[2026-10-05T07:37:25.398Z] 	Database version: 2.3.232
[2026-10-05T07:37:25.398Z] 	Autocommit mode: undefined/unknown
[2026-10-05T07:37:25.398Z] 	Isolation level: undefined/unknown
[2026-10-05T07:37:25.398Z] 	Minimum pool size: undefined/unknown
[2026-10-05T07:37:25.398Z] 	Maximum pool size: undefined/unknown
[2026-10-05T07:37:27.264Z] 2026-10-05T07:37:26.763Z  INFO 5326 --- [attendance-portal] [           main] o.h.e.t.j.p.i.JtaPlatformInitiator       : HHH000489: No JTA platform available (set 'hibernate.transaction.jta.platform' to enable JTA platform integration)
[2026-10-05T07:37:27.264Z] 2026-10-05T07:37:26.873Z  INFO 5326 --- [attendance-portal] [           main] j.LocalContainerEntityManagerFactoryBean : Initialized JPA EntityManagerFactory for persistence unit 'default'
[2026-10-05T07:37:27.815Z] 2026-10-05T07:37:27.430Z  INFO 5326 --- [attendance-portal] [           main] o.s.d.j.r.query.QueryEnhancerFactory     : Hibernate is in classpath; If applicable, HQL parser will be used.
[2026-10-05T07:37:28.369Z] 2026-10-05T07:37:28.097Z  INFO 5326 --- [attendance-portal] [           main] c.college.attendance.config.DataSeeder   : Seeding disabled (attendance.seed-data=false)
[2026-10-05T07:37:28.623Z] 2026-10-05T07:37:28.372Z  INFO 5326 --- [attendance-portal] [           main] r$InitializeUserDetailsManagerConfigurer : Global AuthenticationManager configured with UserDetailsService bean with name databaseUserDetailsService
[2026-10-05T07:37:29.174Z] 2026-10-05T07:37:29.042Z  INFO 5326 --- [attendance-portal] [           main] o.s.b.a.e.web.EndpointLinksResolver      : Exposing 2 endpoints beneath base path '/actuator'
[2026-10-05T07:37:30.086Z] 2026-10-05T07:37:29.913Z  INFO 5326 --- [attendance-portal] [           main] c.c.attendance.config.CurrentUserTest    : Started CurrentUserTest in 9.026 seconds (process running for 10.954)
[2026-10-05T07:37:30.336Z] Mockito is currently self-attaching to enable the inline-mock-maker. This will no longer work in future releases of the JDK. Please add Mockito as an agent to your build as described in Mockito's documentation: https://javadoc.io/doc/org.mockito/mockito-core/latest/org.mockito/org/mockito/Mockito.html#0.3
[2026-10-05T07:37:30.587Z] WARNING: A Java agent has been loaded dynamically (/root/.m2/repository/net/bytebuddy/byte-buddy-agent/1.17.8/byte-buddy-agent-1.17.8.jar)
[2026-10-05T07:37:30.587Z] WARNING: If a serviceability tool is in use, please run with -XX:+EnableDynamicAgentLoading to hide this warning
[2026-10-05T07:37:30.587Z] WARNING: If a serviceability tool is not in use, please run with -Djdk.instrument.traceUsage for more information
[2026-10-05T07:37:30.587Z] WARNING: Dynamic loading of agents will be disallowed by default in a future release
[2026-10-05T07:37:31.500Z] [INFO] Tests run: 5, Failures: 0, Errors: 0, Skipped: 0, Time elapsed: 11.02 s -- in com.college.attendance.config.CurrentUserTest
[2026-10-05T07:37:31.500Z] [INFO] Running com.college.attendance.repository.AttendanceRecordRepositoryTest
[2026-10-05T07:37:31.500Z] 2026-10-05T07:37:31.105Z  INFO 5326 --- [attendance-portal] [           main] t.c.s.AnnotationConfigContextLoaderUtils : Could not detect default configuration classes for test class [com.college.attendance.repository.AttendanceRecordRepositoryTest]: AttendanceRecordRepositoryTest does not declare any static, non-private, non-final, nested classes annotated with @Configuration.
[2026-10-05T07:37:31.500Z] 2026-10-05T07:37:31.140Z  INFO 5326 --- [attendance-portal] [           main] .b.t.c.SpringBootTestContextBootstrapper : Found @SpringBootConfiguration com.college.attendance.AttendancePortalApplication for test class com.college.attendance.repository.AttendanceRecordRepositoryTest
[2026-10-05T07:37:31.500Z] 
[2026-10-05T07:37:31.500Z]   .   ____          _            __ _ _
[2026-10-05T07:37:31.500Z]  /\\ / ___'_ __ _ _(_)_ __  __ _ \ \ \ \
[2026-10-05T07:37:31.500Z] ( ( )\___ | '_ | '_| | '_ \/ _` | \ \ \ \
[2026-10-05T07:37:31.500Z]  \\/  ___)| |_)| | | | | || (_| |  ) ) ) )
[2026-10-05T07:37:31.500Z]   '  |____| .__|_| |_|_| |_\__, | / / / /
[2026-10-05T07:37:31.500Z]  =========|_|==============|___/=/_/_/_/
[2026-10-05T07:37:31.500Z] 
[2026-10-05T07:37:31.500Z]  :: Spring Boot ::               (v3.5.16)
[2026-10-05T07:37:31.500Z] 
[2026-10-05T07:37:31.500Z] 2026-10-05T07:37:31.179Z  INFO 5326 --- [attendance-portal] [           main] c.c.a.r.AttendanceRecordRepositoryTest   : Starting AttendanceRecordRepositoryTest using Java 21.0.12.1 with PID 5326 (started by root in /var/jenkins_home/jobs/attendance-portal-pipeline/workspace/app)
[2026-10-05T07:37:31.500Z] 2026-10-05T07:37:31.179Z  INFO 5326 --- [attendance-portal] [           main] c.c.a.r.AttendanceRecordRepositoryTest   : The following 1 profile is active: "test"
[2026-10-05T07:37:31.500Z] 2026-10-05T07:37:31.303Z  INFO 5326 --- [attendance-portal] [           main] .s.d.r.c.RepositoryConfigurationDelegate : Bootstrapping Spring Data JPA repositories in DEFAULT mode.
[2026-10-05T07:37:31.500Z] 2026-10-05T07:37:31.312Z  INFO 5326 --- [attendance-portal] [           main] .s.d.r.c.RepositoryConfigurationDelegate : Finished Spring Data repository scanning in 8 ms. Found 3 JPA repository interfaces.
[2026-10-05T07:37:31.500Z] 2026-10-05T07:37:31.342Z  INFO 5326 --- [attendance-portal] [           main] beddedDataSourceBeanFactoryPostProcessor : Replacing 'dataSource' DataSource bean with embedded version
[2026-10-05T07:37:31.500Z] 2026-10-05T07:37:31.369Z  INFO 5326 --- [attendance-portal] [           main] o.s.j.d.e.EmbeddedDatabaseFactory        : Starting embedded database: url='jdbc:h2:mem:c383ae53-80c4-4424-8ffe-beed578153fb;DB_CLOSE_DELAY=-1;DB_CLOSE_ON_EXIT=false', username='sa'
[2026-10-05T07:37:31.500Z] 2026-10-05T07:37:31.387Z  INFO 5326 --- [attendance-portal] [           main] o.hibernate.jpa.internal.util.LogHelper  : HHH000204: Processing PersistenceUnitInfo [name: default]
[2026-10-05T07:37:31.500Z] 2026-10-05T07:37:31.389Z  INFO 5326 --- [attendance-portal] [           main] o.h.c.internal.RegionFactoryInitiator    : HHH000026: Second-level cache disabled
[2026-10-05T07:37:31.500Z] 2026-10-05T07:37:31.394Z  INFO 5326 --- [attendance-portal] [           main] o.s.o.j.p.SpringPersistenceUnitInfo      : No LoadTimeWeaver setup: ignoring JPA class transformer
[2026-10-05T07:37:31.500Z] 2026-10-05T07:37:31.396Z  INFO 5326 --- [attendance-portal] [           main] org.hibernate.orm.connections.pooling    : HHH10001005: Database info:
[2026-10-05T07:37:31.500Z] 	Database JDBC URL [Connecting through datasource 'org.springframework.jdbc.datasource.embedded.EmbeddedDatabaseFactory$EmbeddedDataSourceProxy@67bfb7a5']
[2026-10-05T07:37:31.500Z] 	Database driver: undefined/unknown
[2026-10-05T07:37:31.500Z] 	Database version: 2.3.232
[2026-10-05T07:37:31.500Z] 	Autocommit mode: undefined/unknown
[2026-10-05T07:37:31.500Z] 	Isolation level: undefined/unknown
[2026-10-05T07:37:31.500Z] 	Minimum pool size: undefined/unknown
[2026-10-05T07:37:31.500Z] 	Maximum pool size: undefined/unknown
[2026-10-05T07:37:31.500Z] 2026-10-05T07:37:31.433Z  INFO 5326 --- [attendance-portal] [           main] o.h.e.t.j.p.i.JtaPlatformInitiator       : HHH000489: No JTA platform available (set 'hibernate.transaction.jta.platform' to enable JTA platform integration)
[2026-10-05T07:37:31.500Z] Hibernate: drop table if exists app_user cascade 
[2026-10-05T07:37:31.500Z] Hibernate: drop table if exists attendance_record cascade 
[2026-10-05T07:37:31.500Z] Hibernate: drop table if exists student cascade 
[2026-10-05T07:37:31.500Z] Hibernate: create table app_user (enabled boolean not null, id bigint generated by default as identity, linked_roll_number varchar(32), username varchar(64) not null unique, password_hash varchar(100) not null, display_name varchar(120) not null, role enum ('ADMIN','FACULTY','HOD','STUDENT') not null, primary key (id))
[2026-10-05T07:37:31.500Z] Hibernate: create table attendance_record (period_number integer not null, session_date date not null, created_at timestamp(6) with time zone not null, id bigint generated by default as identity, reviewed_at timestamp(6) with time zone, student_id bigint not null, updated_at timestamp(6) with time zone, subject_code varchar(16) not null, marked_by varchar(64) not null, reviewed_by varchar(64), remarks varchar(500), review_comment varchar(500), attendance_status enum ('ABSENT','EXCUSED','LATE','PRESENT') not null, workflow_status enum ('APPROVED','DRAFT','REJECTED','SUBMITTED') not null, primary key (id), constraint uk_attendance_student_subject_date_period unique (student_id, subject_code, session_date, period_number))
[2026-10-05T07:37:31.500Z] Hibernate: create table student (active boolean not null, semester integer not null check ((semester>=1) and (semester<=8)), id bigint generated by default as identity, roll_number varchar(32) not null unique, department varchar(80) not null, full_name varchar(120) not null, email varchar(160), primary key (id))
[2026-10-05T07:37:31.500Z] Hibernate: create index idx_attendance_session_date on attendance_record (session_date)
[2026-10-05T07:37:31.500Z] Hibernate: create index idx_attendance_workflow_status on attendance_record (workflow_status)
[2026-10-05T07:37:31.500Z] Hibernate: create index idx_attendance_subject_code on attendance_record (subject_code)
[2026-10-05T07:37:31.500Z] Hibernate: alter table if exists attendance_record add constraint FK9p10lf3n7tcuouo29ery5obq6 foreign key (student_id) references student
[2026-10-05T07:37:31.500Z] 2026-10-05T07:37:31.443Z  INFO 5326 --- [attendance-portal] [           main] j.LocalContainerEntityManagerFactoryBean : Initialized JPA EntityManagerFactory for persistence unit 'default'
[2026-10-05T07:37:31.750Z] 2026-10-05T07:37:31.497Z  INFO 5326 --- [attendance-portal] [           main] c.c.a.r.AttendanceRecordRepositoryTest   : Started AttendanceRecordRepositoryTest in 0.352 seconds (process running for 12.538)
[2026-10-05T07:37:31.751Z] Hibernate: insert into student (active,department,email,full_name,roll_number,semester,id) values (?,?,?,?,?,?,default)
[2026-10-05T07:37:31.751Z] Hibernate: insert into attendance_record (attendance_status,created_at,marked_by,period_number,remarks,review_comment,reviewed_at,reviewed_by,session_date,student_id,subject_code,updated_at,workflow_status,id) values (?,?,?,?,?,?,?,?,?,?,?,?,?,default)
[2026-10-05T07:37:31.751Z] Hibernate: select ar1_0.id from attendance_record ar1_0 join student s1_0 on s1_0.id=ar1_0.student_id where s1_0.roll_number=? and ar1_0.subject_code=? and ar1_0.session_date=? and ar1_0.period_number=? fetch first ? rows only
[2026-10-05T07:37:31.751Z] Hibernate: select ar1_0.id from attendance_record ar1_0 join student s1_0 on s1_0.id=ar1_0.student_id where s1_0.roll_number=? and ar1_0.subject_code=? and ar1_0.session_date=? and ar1_0.period_number=? fetch first ? rows only
[2026-10-05T07:37:31.751Z] Hibernate: insert into student (active,department,email,full_name,roll_number,semester,id) values (?,?,?,?,?,?,default)
[2026-10-05T07:37:31.751Z] Hibernate: insert into attendance_record (attendance_status,created_at,marked_by,period_number,remarks,review_comment,reviewed_at,reviewed_by,session_date,student_id,subject_code,updated_at,workflow_status,id) values (?,?,?,?,?,?,?,?,?,?,?,?,?,default)
[2026-10-05T07:37:31.751Z] Hibernate: insert into attendance_record (attendance_status,created_at,marked_by,period_number,remarks,review_comment,reviewed_at,reviewed_by,session_date,student_id,subject_code,updated_at,workflow_status,id) values (?,?,?,?,?,?,?,?,?,?,?,?,?,default)
[2026-10-05T07:37:31.751Z] 2026-10-05T07:37:31.611Z  WARN 5326 --- [attendance-portal] [           main] o.h.engine.jdbc.spi.SqlExceptionHelper   : SQL Error: 23505, SQLState: 23505
[2026-10-05T07:37:31.751Z] 2026-10-05T07:37:31.612Z ERROR 5326 --- [attendance-portal] [           main] o.h.engine.jdbc.spi.SqlExceptionHelper   : Unique index or primary key violation: "PUBLIC.UK_ATTENDANCE_STUDENT_SUBJECT_DATE_PERIOD_INDEX_C ON PUBLIC.ATTENDANCE_RECORD(STUDENT_ID NULLS FIRST, SUBJECT_CODE NULLS FIRST, SESSION_DATE NULLS FIRST, PERIOD_NUMBER NULLS FIRST) VALUES ( /* key:2 */ CAST(2 AS BIGINT), 'CS501', DATE '2026-10-04', 1)"; SQL statement:
[2026-10-05T07:37:31.751Z] insert into attendance_record (attendance_status,created_at,marked_by,period_number,remarks,review_comment,reviewed_at,reviewed_by,session_date,student_id,subject_code,updated_at,workflow_status,id) values (?,?,?,?,?,?,?,?,?,?,?,?,?,default) [23505-232]
[2026-10-05T07:37:31.751Z] Hibernate: insert into student (active,department,email,full_name,roll_number,semester,id) values (?,?,?,?,?,?,default)
[2026-10-05T07:37:31.751Z] Hibernate: insert into attendance_record (attendance_status,created_at,marked_by,period_number,remarks,review_comment,reviewed_at,reviewed_by,session_date,student_id,subject_code,updated_at,workflow_status,id) values (?,?,?,?,?,?,?,?,?,?,?,?,?,default)
[2026-10-05T07:37:31.751Z] Hibernate: insert into attendance_record (attendance_status,created_at,marked_by,period_number,remarks,review_comment,reviewed_at,reviewed_by,session_date,student_id,subject_code,updated_at,workflow_status,id) values (?,?,?,?,?,?,?,?,?,?,?,?,?,default)
[2026-10-05T07:37:31.751Z] Hibernate: insert into attendance_record (attendance_status,created_at,marked_by,period_number,remarks,review_comment,reviewed_at,reviewed_by,session_date,student_id,subject_code,updated_at,workflow_status,id) values (?,?,?,?,?,?,?,?,?,?,?,?,?,default)
[2026-10-05T07:37:31.751Z] Hibernate: select distinct ar1_0.subject_code from attendance_record ar1_0 order by ar1_0.subject_code
[2026-10-05T07:37:31.751Z] Hibernate: insert into student (active,department,email,full_name,roll_number,semester,id) values (?,?,?,?,?,?,default)
[2026-10-05T07:37:31.751Z] Hibernate: insert into attendance_record (attendance_status,created_at,marked_by,period_number,remarks,review_comment,reviewed_at,reviewed_by,session_date,student_id,subject_code,updated_at,workflow_status,id) values (?,?,?,?,?,?,?,?,?,?,?,?,?,default)
[2026-10-05T07:37:31.751Z] Hibernate: insert into attendance_record (attendance_status,created_at,marked_by,period_number,remarks,review_comment,reviewed_at,reviewed_by,session_date,student_id,subject_code,updated_at,workflow_status,id) values (?,?,?,?,?,?,?,?,?,?,?,?,?,default)
[2026-10-05T07:37:31.751Z] Hibernate: insert into attendance_record (attendance_status,created_at,marked_by,period_number,remarks,review_comment,reviewed_at,reviewed_by,session_date,student_id,subject_code,updated_at,workflow_status,id) values (?,?,?,?,?,?,?,?,?,?,?,?,?,default)
[2026-10-05T07:37:31.751Z] Hibernate: select ar1_0.id,ar1_0.attendance_status,ar1_0.created_at,ar1_0.marked_by,ar1_0.period_number,ar1_0.remarks,ar1_0.review_comment,ar1_0.reviewed_at,ar1_0.reviewed_by,ar1_0.session_date,ar1_0.student_id,ar1_0.subject_code,ar1_0.updated_at,ar1_0.workflow_status from attendance_record ar1_0 order by ar1_0.session_date desc,ar1_0.period_number fetch first ? rows only
[2026-10-05T07:37:32.001Z] Hibernate: insert into student (active,department,email,full_name,roll_number,semester,id) values (?,?,?,?,?,?,default)
[2026-10-05T07:37:32.001Z] Hibernate: insert into attendance_record (attendance_status,created_at,marked_by,period_number,remarks,review_comment,reviewed_at,reviewed_by,session_date,student_id,subject_code,updated_at,workflow_status,id) values (?,?,?,?,?,?,?,?,?,?,?,?,?,default)
[2026-10-05T07:37:32.001Z] Hibernate: insert into attendance_record (attendance_status,created_at,marked_by,period_number,remarks,review_comment,reviewed_at,reviewed_by,session_date,student_id,subject_code,updated_at,workflow_status,id) values (?,?,?,?,?,?,?,?,?,?,?,?,?,default)
[2026-10-05T07:37:32.001Z] Hibernate: insert into attendance_record (attendance_status,created_at,marked_by,period_number,remarks,review_comment,reviewed_at,reviewed_by,session_date,student_id,subject_code,updated_at,workflow_status,id) values (?,?,?,?,?,?,?,?,?,?,?,?,?,default)
[2026-10-05T07:37:32.001Z] Hibernate: select ar1_0.id,ar1_0.attendance_status,ar1_0.created_at,ar1_0.marked_by,ar1_0.period_number,ar1_0.remarks,ar1_0.review_comment,ar1_0.reviewed_at,ar1_0.reviewed_by,ar1_0.session_date,ar1_0.student_id,ar1_0.subject_code,ar1_0.updated_at,ar1_0.workflow_status from attendance_record ar1_0 order by ar1_0.session_date desc,ar1_0.period_number fetch first ? rows only
[2026-10-05T07:37:32.001Z] [INFO] Tests run: 5, Failures: 0, Errors: 0, Skipped: 0, Time elapsed: 0.649 s -- in com.college.attendance.repository.AttendanceRecordRepositoryTest
[2026-10-05T07:37:32.001Z] [INFO] Running com.college.attendance.AttendancePortalApplicationTests
[2026-10-05T07:37:32.001Z] 2026-10-05T07:37:31.755Z  INFO 5326 --- [attendance-portal] [           main] t.c.s.AnnotationConfigContextLoaderUtils : Could not detect default configuration classes for test class [com.college.attendance.AttendancePortalApplicationTests]: AttendancePortalApplicationTests does not declare any static, non-private, non-final, nested classes annotated with @Configuration.
[2026-10-05T07:37:32.001Z] 2026-10-05T07:37:31.760Z  INFO 5326 --- [attendance-portal] [           main] .b.t.c.SpringBootTestContextBootstrapper : Found @SpringBootConfiguration com.college.attendance.AttendancePortalApplication for test class com.college.attendance.AttendancePortalApplicationTests
[2026-10-05T07:37:32.001Z] [INFO] Tests run: 1, Failures: 0, Errors: 0, Skipped: 0, Time elapsed: 0.036 s -- in com.college.attendance.AttendancePortalApplicationTests
[2026-10-05T07:37:32.001Z] [INFO] Running com.college.attendance.web.AttendanceSecurityTest
[2026-10-05T07:37:32.001Z] 2026-10-05T07:37:31.799Z  INFO 5326 --- [attendance-portal] [           main] t.c.s.AnnotationConfigContextLoaderUtils : Could not detect default configuration classes for test class [com.college.attendance.web.AttendanceSecurityTest]: AttendanceSecurityTest does not declare any static, non-private, non-final, nested classes annotated with @Configuration.
[2026-10-05T07:37:32.001Z] 2026-10-05T07:37:31.813Z  INFO 5326 --- [attendance-portal] [           main] .b.t.c.SpringBootTestContextBootstrapper : Found @SpringBootConfiguration com.college.attendance.AttendancePortalApplication for test class com.college.attendance.web.AttendanceSecurityTest
[2026-10-05T07:37:32.001Z] 
[2026-10-05T07:37:32.001Z]   .   ____          _            __ _ _
[2026-10-05T07:37:32.001Z]  /\\ / ___'_ __ _ _(_)_ __  __ _ \ \ \ \
[2026-10-05T07:37:32.001Z] ( ( )\___ | '_ | '_| | '_ \/ _` | \ \ \ \
[2026-10-05T07:37:32.001Z]  \\/  ___)| |_)| | | | | || (_| |  ) ) ) )
[2026-10-05T07:37:32.001Z]   '  |____| .__|_| |_|_| |_\__, | / / / /
[2026-10-05T07:37:32.001Z]  =========|_|==============|___/=/_/_/_/
[2026-10-05T07:37:32.001Z] 
[2026-10-05T07:37:32.001Z]  :: Spring Boot ::               (v3.5.16)
[2026-10-05T07:37:32.001Z] 
[2026-10-05T07:37:32.001Z] 2026-10-05T07:37:31.849Z  INFO 5326 --- [attendance-portal] [           main] c.c.a.web.AttendanceSecurityTest         : Starting AttendanceSecurityTest using Java 21.0.12.1 with PID 5326 (started by root in /var/jenkins_home/jobs/attendance-portal-pipeline/workspace/app)
[2026-10-05T07:37:32.001Z] 2026-10-05T07:37:31.849Z  INFO 5326 --- [attendance-portal] [           main] c.c.a.web.AttendanceSecurityTest         : The following 1 profile is active: "test"
[2026-10-05T07:37:32.252Z] 2026-10-05T07:37:32.115Z  INFO 5326 --- [attendance-portal] [           main] .s.d.r.c.RepositoryConfigurationDelegate : Bootstrapping Spring Data JPA repositories in DEFAULT mode.
[2026-10-05T07:37:32.252Z] 2026-10-05T07:37:32.126Z  INFO 5326 --- [attendance-portal] [           main] .s.d.r.c.RepositoryConfigurationDelegate : Finished Spring Data repository scanning in 9 ms. Found 3 JPA repository interfaces.
[2026-10-05T07:37:32.507Z] 2026-10-05T07:37:32.287Z  INFO 5326 --- [attendance-portal] [           main] o.hibernate.jpa.internal.util.LogHelper  : HHH000204: Processing PersistenceUnitInfo [name: default]
[2026-10-05T07:37:32.508Z] 2026-10-05T07:37:32.290Z  INFO 5326 --- [attendance-portal] [           main] o.h.c.internal.RegionFactoryInitiator    : HHH000026: Second-level cache disabled
[2026-10-05T07:37:32.508Z] 2026-10-05T07:37:32.300Z  INFO 5326 --- [attendance-portal] [           main] o.s.o.j.p.SpringPersistenceUnitInfo      : No LoadTimeWeaver setup: ignoring JPA class transformer
[2026-10-05T07:37:32.508Z] 2026-10-05T07:37:32.301Z  INFO 5326 --- [attendance-portal] [           main] com.zaxxer.hikari.HikariDataSource       : HikariPool-2 - Starting...
[2026-10-05T07:37:32.508Z] 2026-10-05T07:37:32.303Z  INFO 5326 --- [attendance-portal] [           main] com.zaxxer.hikari.pool.HikariPool        : HikariPool-2 - Added connection conn19: url=jdbc:h2:mem:attendance-test user=SA
[2026-10-05T07:37:32.508Z] 2026-10-05T07:37:32.304Z  INFO 5326 --- [attendance-portal] [           main] com.zaxxer.hikari.HikariDataSource       : HikariPool-2 - Start completed.
[2026-10-05T07:37:32.508Z] 2026-10-05T07:37:32.305Z  INFO 5326 --- [attendance-portal] [           main] org.hibernate.orm.connections.pooling    : HHH10001005: Database info:
[2026-10-05T07:37:32.508Z] 	Database JDBC URL [Connecting through datasource 'HikariDataSource (HikariPool-2)']
[2026-10-05T07:37:32.508Z] 	Database driver: undefined/unknown
[2026-10-05T07:37:32.508Z] 	Database version: 2.3.232
[2026-10-05T07:37:32.508Z] 	Autocommit mode: undefined/unknown
[2026-10-05T07:37:32.508Z] 	Isolation level: undefined/unknown
[2026-10-05T07:37:32.508Z] 	Minimum pool size: undefined/unknown
[2026-10-05T07:37:32.508Z] 	Maximum pool size: undefined/unknown
[2026-10-05T07:37:32.508Z] 2026-10-05T07:37:32.355Z  INFO 5326 --- [attendance-portal] [           main] o.h.e.t.j.p.i.JtaPlatformInitiator       : HHH000489: No JTA platform available (set 'hibernate.transaction.jta.platform' to enable JTA platform integration)
[2026-10-05T07:37:32.508Z] 2026-10-05T07:37:32.368Z  INFO 5326 --- [attendance-portal] [           main] j.LocalContainerEntityManagerFactoryBean : Initialized JPA EntityManagerFactory for persistence unit 'default'
[2026-10-05T07:37:32.508Z] 2026-10-05T07:37:32.455Z  INFO 5326 --- [attendance-portal] [           main] c.college.attendance.config.DataSeeder   : Seeding disabled (attendance.seed-data=false)
[2026-10-05T07:37:32.758Z] 2026-10-05T07:37:32.538Z  INFO 5326 --- [attendance-portal] [           main] r$InitializeUserDetailsManagerConfigurer : Global AuthenticationManager configured with UserDetailsService bean with name databaseUserDetailsService
[2026-10-05T07:37:32.758Z] 2026-10-05T07:37:32.660Z  INFO 5326 --- [attendance-portal] [           main] o.s.b.a.e.web.EndpointLinksResolver      : Exposing 2 endpoints beneath base path '/actuator'
[2026-10-05T07:37:33.009Z] 2026-10-05T07:37:32.922Z  INFO 5326 --- [attendance-portal] [           main] o.s.b.t.m.w.SpringBootMockServletContext : Initializing Spring TestDispatcherServlet ''
[2026-10-05T07:37:33.009Z] 2026-10-05T07:37:32.922Z  INFO 5326 --- [attendance-portal] [           main] o.s.t.web.servlet.TestDispatcherServlet  : Initializing Servlet ''
[2026-10-05T07:37:33.009Z] 2026-10-05T07:37:32.924Z  INFO 5326 --- [attendance-portal] [           main] o.s.t.web.servlet.TestDispatcherServlet  : Completed initialization in 1 ms
[2026-10-05T07:37:33.009Z] 2026-10-05T07:37:32.945Z  INFO 5326 --- [attendance-portal] [           main] c.c.a.web.AttendanceSecurityTest         : Started AttendanceSecurityTest in 1.122 seconds (process running for 13.987)
[2026-10-05T07:37:36.238Z] [INFO] Tests run: 8, Failures: 0, Errors: 0, Skipped: 0, Time elapsed: 4.057 s -- in com.college.attendance.web.AttendanceSecurityTest
[2026-10-05T07:37:36.238Z] [INFO] Running com.college.attendance.service.WorkflowServiceTest
[2026-10-05T07:37:36.238Z] 2026-10-05T07:37:35.858Z  INFO 5326 --- [attendance-portal] [           main] t.c.s.AnnotationConfigContextLoaderUtils : Could not detect default configuration classes for test class [com.college.attendance.service.WorkflowServiceTest]: WorkflowServiceTest does not declare any static, non-private, non-final, nested classes annotated with @Configuration.
[2026-10-05T07:37:36.238Z] 2026-10-05T07:37:35.867Z  INFO 5326 --- [attendance-portal] [           main] .b.t.c.SpringBootTestContextBootstrapper : Found @SpringBootConfiguration com.college.attendance.AttendancePortalApplication for test class com.college.attendance.service.WorkflowServiceTest
[2026-10-05T07:37:36.238Z] 2026-10-05T07:37:35.905Z  INFO 5326 --- [attendance-portal] [           main] c.c.a.service.AttendanceService          : Created attendance record 1 for 1CS21CS001 in CS501 on 2026-10-04 period 1 by faculty1
[2026-10-05T07:37:36.238Z] 2026-10-05T07:37:35.914Z  INFO 5326 --- [attendance-portal] [           main] c.c.a.service.AttendanceService          : Created attendance record 2 for 1CS21CS001 in CS501 on 2026-10-04 period 2 by faculty1
[2026-10-05T07:37:36.238Z] 2026-10-05T07:37:35.938Z  INFO 5326 --- [attendance-portal] [           main] c.c.attendance.service.WorkflowService   : Record 2 moved DRAFT -> SUBMITTED by faculty1
[2026-10-05T07:37:36.238Z] [INFO] Running After a rejection
[2026-10-05T07:37:36.238Z] 2026-10-05T07:37:35.985Z  INFO 5326 --- [attendance-portal] [           main] t.c.s.AnnotationConfigContextLoaderUtils : Could not detect default configuration classes for test class [com.college.attendance.service.WorkflowServiceTest$AfterRejection]: AfterRejection does not declare any static, non-private, non-final, nested classes annotated with @Configuration.
[2026-10-05T07:37:36.238Z] 2026-10-05T07:37:35.987Z  INFO 5326 --- [attendance-portal] [           main] .b.t.c.SpringBootTestContextBootstrapper : Found @SpringBootConfiguration com.college.attendance.AttendancePortalApplication for test class com.college.attendance.service.WorkflowServiceTest$AfterRejection
[2026-10-05T07:37:36.238Z] 2026-10-05T07:37:36.019Z  INFO 5326 --- [attendance-portal] [           main] c.c.a.service.AttendanceService          : Created attendance record 3 for 1CS21CS001 in CS501 on 2026-10-04 period 1 by faculty1
[2026-10-05T07:37:36.238Z] 2026-10-05T07:37:36.025Z  INFO 5326 --- [attendance-portal] [           main] c.c.attendance.service.WorkflowService   : Record 3 moved DRAFT -> SUBMITTED by faculty1
[2026-10-05T07:37:36.238Z] 2026-10-05T07:37:36.029Z  INFO 5326 --- [attendance-portal] [           main] c.c.attendance.service.WorkflowService   : Record 3 moved SUBMITTED -> REJECTED by hod1 (Wrong period)
[2026-10-05T07:37:36.238Z] 2026-10-05T07:37:36.035Z  INFO 5326 --- [attendance-portal] [           main] c.c.attendance.service.WorkflowService   : Record 3 moved REJECTED -> SUBMITTED by faculty1
[2026-10-05T07:37:36.239Z] 2026-10-05T07:37:36.060Z  INFO 5326 --- [attendance-portal] [           main] c.c.a.service.AttendanceService          : Created attendance record 4 for 1CS21CS001 in CS501 on 2026-10-04 period 1 by faculty1
[2026-10-05T07:37:36.239Z] 2026-10-05T07:37:36.065Z  INFO 5326 --- [attendance-portal] [           main] c.c.attendance.service.WorkflowService   : Record 4 moved DRAFT -> SUBMITTED by faculty1
[2026-10-05T07:37:36.239Z] 2026-10-05T07:37:36.069Z  INFO 5326 --- [attendance-portal] [           main] c.c.attendance.service.WorkflowService   : Record 4 moved SUBMITTED -> REJECTED by hod1 (Wrong period)
[2026-10-05T07:37:36.239Z] 2026-10-05T07:37:36.081Z  INFO 5326 --- [attendance-portal] [           main] c.c.a.service.AttendanceService          : Updated attendance record 4 by faculty1 (author remains faculty1)
[2026-10-05T07:37:36.239Z] [INFO] Tests run: 3, Failures: 0, Errors: 0, Skipped: 0, Time elapsed: 0.105 s -- in After a rejection
[2026-10-05T07:37:36.239Z] [INFO] Running Reviewing a submitted record
[2026-10-05T07:37:36.239Z] 2026-10-05T07:37:36.090Z  INFO 5326 --- [attendance-portal] [           main] t.c.s.AnnotationConfigContextLoaderUtils : Could not detect default configuration classes for test class [com.college.attendance.service.WorkflowServiceTest$Reviewing]: Reviewing does not declare any static, non-private, non-final, nested classes annotated with @Configuration.
[2026-10-05T07:37:36.239Z] 2026-10-05T07:37:36.092Z  INFO 5326 --- [attendance-portal] [           main] .b.t.c.SpringBootTestContextBootstrapper : Found @SpringBootConfiguration com.college.attendance.AttendancePortalApplication for test class com.college.attendance.service.WorkflowServiceTest$Reviewing
[2026-10-05T07:37:36.239Z] 2026-10-05T07:37:36.118Z  INFO 5326 --- [attendance-portal] [           main] c.c.a.service.AttendanceService          : Created attendance record 5 for 1CS21CS001 in CS501 on 2026-10-04 period 1 by faculty1
[2026-10-05T07:37:36.239Z] 2026-10-05T07:37:36.124Z  INFO 5326 --- [attendance-portal] [           main] c.c.attendance.service.WorkflowService   : Record 5 moved DRAFT -> SUBMITTED by faculty1
[2026-10-05T07:37:36.239Z] 2026-10-05T07:37:36.128Z  INFO 5326 --- [attendance-portal] [           main] c.c.attendance.service.WorkflowService   : Record 5 moved SUBMITTED -> APPROVED by hod1
[2026-10-05T07:37:36.239Z] 2026-10-05T07:37:36.163Z  INFO 5326 --- [attendance-portal] [           main] c.c.a.service.AttendanceService          : Created attendance record 6 for 1CS21CS001 in CS501 on 2026-10-04 period 1 by faculty1
[2026-10-05T07:37:36.239Z] 2026-10-05T07:37:36.170Z  INFO 5326 --- [attendance-portal] [           main] c.c.attendance.service.WorkflowService   : Record 6 moved DRAFT -> SUBMITTED by faculty1
[2026-10-05T07:37:36.239Z] 2026-10-05T07:37:36.208Z  INFO 5326 --- [attendance-portal] [           main] c.c.a.service.AttendanceService          : Created attendance record 7 for 1CS21CS001 in CS501 on 2026-10-04 period 1 by faculty1
[2026-10-05T07:37:36.239Z] 2026-10-05T07:37:36.215Z  INFO 5326 --- [attendance-portal] [           main] c.c.attendance.service.WorkflowService   : Record 7 moved DRAFT -> SUBMITTED by faculty1
[2026-10-05T07:37:36.239Z] 2026-10-05T07:37:36.219Z  INFO 5326 --- [attendance-portal] [           main] c.c.attendance.service.WorkflowService   : Record 7 moved SUBMITTED -> APPROVED by hod1 (Cross-checked with the register)
[2026-10-05T07:37:36.489Z] 2026-10-05T07:37:36.258Z  INFO 5326 --- [attendance-portal] [           main] c.c.a.service.AttendanceService          : Created attendance record 8 for 1CS21CS001 in CS501 on 2026-10-04 period 1 by faculty1
[2026-10-05T07:37:36.489Z] 2026-10-05T07:37:36.264Z  INFO 5326 --- [attendance-portal] [           main] c.c.attendance.service.WorkflowService   : Record 8 moved DRAFT -> SUBMITTED by faculty1
[2026-10-05T07:37:36.489Z] 2026-10-05T07:37:36.268Z  INFO 5326 --- [attendance-portal] [           main] c.c.attendance.service.WorkflowService   : Record 8 moved SUBMITTED -> REJECTED by hod1 (Period number looks wrong)
[2026-10-05T07:37:36.489Z] 2026-10-05T07:37:36.298Z  INFO 5326 --- [attendance-portal] [           main] c.c.a.service.AttendanceService          : Created attendance record 9 for 1CS21CS001 in CS501 on 2026-10-04 period 1 by faculty1
[2026-10-05T07:37:36.489Z] 2026-10-05T07:37:36.330Z  INFO 5326 --- [attendance-portal] [           main] c.c.a.service.AttendanceService          : Created attendance record 10 for 1CS21CS001 in CS501 on 2026-10-04 period 1 by faculty1
[2026-10-05T07:37:36.489Z] 2026-10-05T07:37:36.338Z  INFO 5326 --- [attendance-portal] [           main] c.c.attendance.service.WorkflowService   : Record 10 moved DRAFT -> SUBMITTED by faculty1
[2026-10-05T07:37:36.489Z] 2026-10-05T07:37:36.370Z  INFO 5326 --- [attendance-portal] [           main] c.c.a.service.AttendanceService          : Created attendance record 11 for 1CS21CS001 in CS501 on 2026-10-04 period 1 by faculty1
[2026-10-05T07:37:36.489Z] 2026-10-05T07:37:36.375Z  INFO 5326 --- [attendance-portal] [           main] c.c.attendance.service.WorkflowService   : Record 11 moved DRAFT -> SUBMITTED by faculty1
[2026-10-05T07:37:36.489Z] 2026-10-05T07:37:36.378Z  INFO 5326 --- [attendance-portal] [           main] c.c.attendance.service.WorkflowService   : Record 11 moved SUBMITTED -> APPROVED by hod1
[2026-10-05T07:37:36.489Z] [INFO] Tests run: 7, Failures: 0, Errors: 0, Skipped: 0, Time elapsed: 0.293 s -- in Reviewing a submitted record
[2026-10-05T07:37:36.489Z] [INFO] Running Submitting a draft
[2026-10-05T07:37:36.489Z] 2026-10-05T07:37:36.384Z  INFO 5326 --- [attendance-portal] [           main] t.c.s.AnnotationConfigContextLoaderUtils : Could not detect default configuration classes for test class [com.college.attendance.service.WorkflowServiceTest$Submitting]: Submitting does not declare any static, non-private, non-final, nested classes annotated with @Configuration.
[2026-10-05T07:37:36.489Z] 2026-10-05T07:37:36.386Z  INFO 5326 --- [attendance-portal] [           main] .b.t.c.SpringBootTestContextBootstrapper : Found @SpringBootConfiguration com.college.attendance.AttendancePortalApplication for test class com.college.attendance.service.WorkflowServiceTest$Submitting
[2026-10-05T07:37:36.489Z] 2026-10-05T07:37:36.412Z  INFO 5326 --- [attendance-portal] [           main] c.c.a.service.AttendanceService          : Created attendance record 12 for 1CS21CS001 in CS501 on 2026-10-04 period 1 by faculty1
[2026-10-05T07:37:36.489Z] 2026-10-05T07:37:36.418Z  INFO 5326 --- [attendance-portal] [           main] c.c.attendance.service.WorkflowService   : Record 12 moved DRAFT -> SUBMITTED by faculty1
[2026-10-05T07:37:36.489Z] 2026-10-05T07:37:36.442Z  INFO 5326 --- [attendance-portal] [           main] c.c.a.service.AttendanceService          : Created attendance record 13 for 1CS21CS001 in CS501 on 2026-10-04 period 1 by faculty1
[2026-10-05T07:37:36.489Z] 2026-10-05T07:37:36.447Z  INFO 5326 --- [attendance-portal] [           main] c.c.attendance.service.WorkflowService   : Record 13 moved DRAFT -> SUBMITTED by faculty1
[2026-10-05T07:37:36.489Z] 2026-10-05T07:37:36.473Z  INFO 5326 --- [attendance-portal] [           main] c.c.a.service.AttendanceService          : Created attendance record 14 for 1CS21CS001 in CS501 on 2026-10-04 period 1 by faculty1
[2026-10-05T07:37:36.740Z] 2026-10-05T07:37:36.499Z  INFO 5326 --- [attendance-portal] [           main] c.c.a.service.AttendanceService          : Created attendance record 15 for 1CS21CS001 in CS501 on 2026-10-04 period 1 by faculty1
[2026-10-05T07:37:36.740Z] 2026-10-05T07:37:36.530Z  INFO 5326 --- [attendance-portal] [           main] c.c.a.service.AttendanceService          : Created attendance record 16 for 1CS21CS001 in CS501 on 2026-10-04 period 1 by faculty1
[2026-10-05T07:37:36.740Z] 2026-10-05T07:37:36.535Z  INFO 5326 --- [attendance-portal] [           main] c.c.attendance.service.WorkflowService   : Record 16 moved DRAFT -> SUBMITTED by faculty1
[2026-10-05T07:37:36.740Z] 2026-10-05T07:37:36.568Z  INFO 5326 --- [attendance-portal] [           main] c.c.a.service.AttendanceService          : Created attendance record 17 for 1CS21CS001 in CS501 on 2026-10-04 period 1 by faculty1
[2026-10-05T07:37:36.740Z] 2026-10-05T07:37:36.575Z  INFO 5326 --- [attendance-portal] [           main] c.c.attendance.service.WorkflowService   : Record 17 moved DRAFT -> SUBMITTED by admin1
[2026-10-05T07:37:36.740Z] [INFO] Tests run: 6, Failures: 0, Errors: 0, Skipped: 0, Time elapsed: 0.196 s -- in Submitting a draft
[2026-10-05T07:37:36.740Z] [INFO] Tests run: 0, Failures: 0, Errors: 0, Skipped: 0, Time elapsed: 0.725 s -- in com.college.attendance.service.WorkflowServiceTest
[2026-10-05T07:37:36.740Z] [INFO] Running com.college.attendance.service.DashboardServiceTest
[2026-10-05T07:37:36.740Z] 2026-10-05T07:37:36.584Z  INFO 5326 --- [attendance-portal] [           main] t.c.s.AnnotationConfigContextLoaderUtils : Could not detect default configuration classes for test class [com.college.attendance.service.DashboardServiceTest]: DashboardServiceTest does not declare any static, non-private, non-final, nested classes annotated with @Configuration.
[2026-10-05T07:37:36.740Z] 2026-10-05T07:37:36.586Z  INFO 5326 --- [attendance-portal] [           main] .b.t.c.SpringBootTestContextBootstrapper : Found @SpringBootConfiguration com.college.attendance.AttendancePortalApplication for test class com.college.attendance.service.DashboardServiceTest
[2026-10-05T07:37:36.991Z] [INFO] Tests run: 11, Failures: 0, Errors: 0, Skipped: 0, Time elapsed: 0.334 s -- in com.college.attendance.service.DashboardServiceTest
[2026-10-05T07:37:36.991Z] [INFO] Running com.college.attendance.service.AttendanceServiceTest
[2026-10-05T07:37:36.991Z] 2026-10-05T07:37:36.919Z  INFO 5326 --- [attendance-portal] [           main] t.c.s.AnnotationConfigContextLoaderUtils : Could not detect default configuration classes for test class [com.college.attendance.service.AttendanceServiceTest]: AttendanceServiceTest does not declare any static, non-private, non-final, nested classes annotated with @Configuration.
[2026-10-05T07:37:36.991Z] 2026-10-05T07:37:36.921Z  INFO 5326 --- [attendance-portal] [           main] .b.t.c.SpringBootTestContextBootstrapper : Found @SpringBootConfiguration com.college.attendance.AttendancePortalApplication for test class com.college.attendance.service.AttendanceServiceTest
[2026-10-05T07:37:36.991Z] [INFO] Running Correcting a record
[2026-10-05T07:37:36.991Z] 2026-10-05T07:37:36.947Z  INFO 5326 --- [attendance-portal] [           main] t.c.s.AnnotationConfigContextLoaderUtils : Could not detect default configuration classes for test class [com.college.attendance.service.AttendanceServiceTest$Correcting]: Correcting does not declare any static, non-private, non-final, nested classes annotated with @Configuration.
[2026-10-05T07:37:36.991Z] 2026-10-05T07:37:36.949Z  INFO 5326 --- [attendance-portal] [           main] .b.t.c.SpringBootTestContextBootstrapper : Found @SpringBootConfiguration com.college.attendance.AttendancePortalApplication for test class com.college.attendance.service.AttendanceServiceTest$Correcting
[2026-10-05T07:37:36.991Z] 2026-10-05T07:37:36.974Z  INFO 5326 --- [attendance-portal] [           main] c.c.a.service.AttendanceService          : Created attendance record 61 for 1CS21CS001 in CS501 on 2026-10-04 period 1 by faculty1
[2026-10-05T07:37:36.991Z] 2026-10-05T07:37:36.983Z  INFO 5326 --- [attendance-portal] [           main] c.c.a.service.AttendanceService          : Updated attendance record 61 by admin1 (author remains faculty1)
[2026-10-05T07:37:37.241Z] 2026-10-05T07:37:37.009Z  INFO 5326 --- [attendance-portal] [           main] c.c.a.service.AttendanceService          : Created attendance record 62 for 1CS21CS001 in CS501 on 2026-10-04 period 1 by faculty1
[2026-10-05T07:37:37.242Z] 2026-10-05T07:37:37.016Z  INFO 5326 --- [attendance-portal] [           main] c.c.a.service.AttendanceService          : Updated attendance record 62 by faculty1 (author remains faculty1)
[2026-10-05T07:37:37.242Z] 2026-10-05T07:37:37.040Z  INFO 5326 --- [attendance-portal] [           main] c.c.a.service.AttendanceService          : Created attendance record 63 for 1CS21CS001 in CS501 on 2026-10-04 period 1 by faculty1
[2026-10-05T07:37:37.242Z] 2026-10-05T07:37:37.069Z  INFO 5326 --- [attendance-portal] [           main] c.c.a.service.AttendanceService          : Created attendance record 64 for 1CS21CS001 in CS501 on 2026-10-04 period 1 by faculty1
[2026-10-05T07:37:37.242Z] 2026-10-05T07:37:37.097Z  INFO 5326 --- [attendance-portal] [           main] c.c.a.service.AttendanceService          : Created attendance record 65 for 1CS21CS001 in CS501 on 2026-10-04 period 1 by faculty1
[2026-10-05T07:37:37.242Z] 2026-10-05T07:37:37.105Z  INFO 5326 --- [attendance-portal] [           main] c.c.a.service.AttendanceService          : Updated attendance record 65 by faculty1 (author remains faculty1)
[2026-10-05T07:37:37.242Z] 2026-10-05T07:37:37.129Z  INFO 5326 --- [attendance-portal] [           main] c.c.a.service.AttendanceService          : Created attendance record 66 for 1CS21CS001 in CS501 on 2026-10-04 period 1 by faculty1
[2026-10-05T07:37:37.242Z] [INFO] Tests run: 7, Failures: 0, Errors: 0, Skipped: 0, Time elapsed: 0.193 s -- in Correcting a record
[2026-10-05T07:37:37.242Z] [INFO] Running Creating a record
[2026-10-05T07:37:37.242Z] 2026-10-05T07:37:37.142Z  INFO 5326 --- [attendance-portal] [           main] t.c.s.AnnotationConfigContextLoaderUtils : Could not detect default configuration classes for test class [com.college.attendance.service.AttendanceServiceTest$Creating]: Creating does not declare any static, non-private, non-final, nested classes annotated with @Configuration.
[2026-10-05T07:37:37.242Z] 2026-10-05T07:37:37.144Z  INFO 5326 --- [attendance-portal] [           main] .b.t.c.SpringBootTestContextBootstrapper : Found @SpringBootConfiguration com.college.attendance.AttendancePortalApplication for test class com.college.attendance.service.AttendanceServiceTest$Creating
[2026-10-05T07:37:37.242Z] 2026-10-05T07:37:37.166Z  INFO 5326 --- [attendance-portal] [           main] c.c.a.service.AttendanceService          : Created attendance record 67 for 1CS21CS001 in CS501 on 2026-10-04 period 1 by faculty1
[2026-10-05T07:37:37.242Z] 2026-10-05T07:37:37.172Z  INFO 5326 --- [attendance-portal] [           main] c.c.a.service.AttendanceService          : Created attendance record 68 for 1CS21CS001 in CS501 on 2026-10-04 period 2 by faculty1
[2026-10-05T07:37:37.242Z] 2026-10-05T07:37:37.215Z  INFO 5326 --- [attendance-portal] [           main] c.c.a.service.AttendanceService          : Created attendance record 69 for 1CS21CS001 in CS501 on 2026-10-04 period 1 by faculty1
[2026-10-05T07:37:37.492Z] 2026-10-05T07:37:37.259Z  INFO 5326 --- [attendance-portal] [           main] c.c.a.service.AttendanceService          : Created attendance record 70 for 1CS21CS001 in CS501 on 2026-10-04 period 1 by faculty1
[2026-10-05T07:37:37.492Z] 2026-10-05T07:37:37.280Z  INFO 5326 --- [attendance-portal] [           main] c.c.a.service.AttendanceService          : Created attendance record 71 for 1CS21CS001 in CS501 on 2026-10-04 period 1 by faculty1
[2026-10-05T07:37:37.492Z] [INFO] Tests run: 6, Failures: 0, Errors: 0, Skipped: 0, Time elapsed: 0.153 s -- in Creating a record
[2026-10-05T07:37:37.492Z] [INFO] Tests run: 0, Failures: 0, Errors: 0, Skipped: 0, Time elapsed: 0.376 s -- in com.college.attendance.service.AttendanceServiceTest
[2026-10-05T07:37:37.492Z] [INFO] Running com.college.attendance.service.AttendanceSearchTest
[2026-10-05T07:37:37.492Z] 2026-10-05T07:37:37.297Z  INFO 5326 --- [attendance-portal] [           main] t.c.s.AnnotationConfigContextLoaderUtils : Could not detect default configuration classes for test class [com.college.attendance.service.AttendanceSearchTest]: AttendanceSearchTest does not declare any static, non-private, non-final, nested classes annotated with @Configuration.
[2026-10-05T07:37:37.492Z] 2026-10-05T07:37:37.299Z  INFO 5326 --- [attendance-portal] [           main] .b.t.c.SpringBootTestContextBootstrapper : Found @SpringBootConfiguration com.college.attendance.AttendancePortalApplication for test class com.college.attendance.service.AttendanceSearchTest
[2026-10-05T07:37:37.743Z] [INFO] Tests run: 14, Failures: 0, Errors: 0, Skipped: 0, Time elapsed: 0.351 s -- in com.college.attendance.service.AttendanceSearchTest
[2026-10-05T07:37:37.994Z] [INFO] 
[2026-10-05T07:37:37.994Z] [INFO] Results:
[2026-10-05T07:37:37.994Z] [INFO] 
[2026-10-05T07:37:37.994Z] [INFO] Tests run: 73, Failures: 0, Errors: 0, Skipped: 0
[2026-10-05T07:37:37.994Z] [INFO] 
[2026-10-05T07:37:37.994Z] [INFO] ------------------------------------------------------------------------
[2026-10-05T07:37:37.994Z] [INFO] Reactor Summary for Student Attendance Management Portal 1.0.0-SNAPSHOT:
[2026-10-05T07:37:37.994Z] [INFO] 
[2026-10-05T07:37:37.994Z] [INFO] Student Attendance Management Portal ............... SUCCESS [  0.002 s]
[2026-10-05T07:37:37.994Z] [INFO] Attendance Portal :: Application ................... SUCCESS [ 21.496 s]
[2026-10-05T07:37:37.994Z] [INFO] ------------------------------------------------------------------------
[2026-10-05T07:37:37.994Z] [INFO] BUILD SUCCESS
[2026-10-05T07:37:37.994Z] [INFO] ------------------------------------------------------------------------
[2026-10-05T07:37:37.994Z] [INFO] Total time:  21.807 s
[2026-10-05T07:37:37.994Z] [INFO] Finished at: 2026-10-05T07:37:37Z
[2026-10-05T07:37:37.994Z] [INFO] ------------------------------------------------------------------------
[2026-10-05T07:37:38.000Z] Post stage
[2026-10-05T07:37:38.010Z] [Pipeline] junit
[2026-10-05T07:37:38.013Z] Recording test results
[2026-10-05T07:37:38.033Z] [Checks API] No suitable checks publisher found.
[2026-10-05T07:37:38.044Z] [Pipeline] }
[2026-10-05T07:37:38.057Z] [Pipeline] // stage
[2026-10-05T07:37:38.068Z] [Pipeline] stage
[2026-10-05T07:37:38.070Z] [Pipeline] { (Package)
[2026-10-05T07:37:38.089Z] [Pipeline] sh
[2026-10-05T07:37:38.345Z] + /opt/maven/bin/mvn -B -DskipTests package
[2026-10-05T07:37:40.209Z] [INFO] Scanning for projects...
[2026-10-05T07:37:40.209Z] [INFO] ------------------------------------------------------------------------
[2026-10-05T07:37:40.209Z] [INFO] Reactor Build Order:
[2026-10-05T07:37:40.209Z] [INFO] 
[2026-10-05T07:37:40.209Z] [INFO] Student Attendance Management Portal                               [pom]
[2026-10-05T07:37:40.209Z] [INFO] Attendance Portal :: Application                                   [war]
[2026-10-05T07:37:40.209Z] [INFO] 
[2026-10-05T07:37:40.209Z] [INFO] ----------< com.college.attendance:attendance-portal-parent >-----------
[2026-10-05T07:37:40.209Z] [INFO] Building Student Attendance Management Portal 1.0.0-SNAPSHOT       [1/2]
[2026-10-05T07:37:40.209Z] [INFO]   from pom.xml
[2026-10-05T07:37:40.209Z] [INFO] --------------------------------[ pom ]---------------------------------
[2026-10-05T07:37:40.209Z] [INFO] 
[2026-10-05T07:37:40.209Z] [INFO] ---------------< com.college.attendance:attendance-app >----------------
[2026-10-05T07:37:40.209Z] [INFO] Building Attendance Portal :: Application 1.0.0-SNAPSHOT           [2/2]
[2026-10-05T07:37:40.209Z] [INFO]   from app/pom.xml
[2026-10-05T07:37:40.209Z] [INFO] --------------------------------[ war ]---------------------------------
[2026-10-05T07:37:40.460Z] [INFO] 
[2026-10-05T07:37:40.460Z] [INFO] --- jacoco:0.8.13:prepare-agent (prepare-agent) @ attendance-app ---
[2026-10-05T07:37:40.714Z] [INFO] argLine set to -javaagent:/root/.m2/repository/org/jacoco/org.jacoco.agent/0.8.13/org.jacoco.agent-0.8.13-runtime.jar=destfile=/var/jenkins_home/jobs/attendance-portal-pipeline/workspace/app/target/jacoco.exec
[2026-10-05T07:37:40.714Z] [INFO] 
[2026-10-05T07:37:40.714Z] [INFO] --- resources:3.3.1:resources (default-resources) @ attendance-app ---
[2026-10-05T07:37:40.714Z] [INFO] Copying 1 resource from src/main/resources to target/classes
[2026-10-05T07:37:40.714Z] [INFO] Copying 10 resources from src/main/resources to target/classes
[2026-10-05T07:37:40.714Z] [INFO] 
[2026-10-05T07:37:40.714Z] [INFO] --- compiler:3.14.1:compile (default-compile) @ attendance-app ---
[2026-10-05T07:37:40.714Z] [INFO] Nothing to compile - all classes are up to date.
[2026-10-05T07:37:40.714Z] [INFO] 
[2026-10-05T07:37:40.714Z] [INFO] --- resources:3.3.1:testResources (default-testResources) @ attendance-app ---
[2026-10-05T07:37:40.714Z] [INFO] Copying 1 resource from src/test/resources to target/test-classes
[2026-10-05T07:37:40.714Z] [INFO] 
[2026-10-05T07:37:40.714Z] [INFO] --- compiler:3.14.1:testCompile (default-testCompile) @ attendance-app ---
[2026-10-05T07:37:40.964Z] [INFO] Nothing to compile - all classes are up to date.
[2026-10-05T07:37:40.964Z] [INFO] 
[2026-10-05T07:37:40.964Z] [INFO] --- surefire:3.5.6:test (default-test) @ attendance-app ---
[2026-10-05T07:37:40.964Z] [INFO] Tests are skipped.
[2026-10-05T07:37:40.964Z] [INFO] 
[2026-10-05T07:37:40.964Z] [INFO] --- war:3.4.0:war (default-war) @ attendance-app ---
[2026-10-05T07:37:41.220Z] [INFO] Packaging webapp
[2026-10-05T07:37:41.220Z] [INFO] Assembling webapp [attendance-app] in [/var/jenkins_home/jobs/attendance-portal-pipeline/workspace/app/target/attendance]
[2026-10-05T07:37:41.220Z] [INFO] Processing war project
[2026-10-05T07:37:41.473Z] [INFO] Building war: /var/jenkins_home/jobs/attendance-portal-pipeline/workspace/app/target/attendance.war
[2026-10-05T07:37:42.024Z] [INFO] 
[2026-10-05T07:37:42.025Z] [INFO] --- spring-boot:3.5.16:repackage (repackage) @ attendance-app ---
[2026-10-05T07:37:43.373Z] [INFO] Replacing main artifact /var/jenkins_home/jobs/attendance-portal-pipeline/workspace/app/target/attendance.war with repackaged archive, adding nested dependencies in BOOT-INF/.
[2026-10-05T07:37:43.373Z] [INFO] The original artifact has been renamed to /var/jenkins_home/jobs/attendance-portal-pipeline/workspace/app/target/attendance.war.original
[2026-10-05T07:37:43.373Z] [INFO] ------------------------------------------------------------------------
[2026-10-05T07:37:43.373Z] [INFO] Reactor Summary for Student Attendance Management Portal 1.0.0-SNAPSHOT:
[2026-10-05T07:37:43.373Z] [INFO] 
[2026-10-05T07:37:43.373Z] [INFO] Student Attendance Management Portal ............... SUCCESS [  0.002 s]
[2026-10-05T07:37:43.373Z] [INFO] Attendance Portal :: Application ................... SUCCESS [  2.946 s]
[2026-10-05T07:37:43.373Z] [INFO] ------------------------------------------------------------------------
[2026-10-05T07:37:43.373Z] [INFO] BUILD SUCCESS
[2026-10-05T07:37:43.373Z] [INFO] ------------------------------------------------------------------------
[2026-10-05T07:37:43.373Z] [INFO] Total time:  3.213 s
[2026-10-05T07:37:43.373Z] [INFO] Finished at: 2026-10-05T07:37:42Z
[2026-10-05T07:37:43.373Z] [INFO] ------------------------------------------------------------------------
[2026-10-05T07:37:43.385Z] [Pipeline] sh
[2026-10-05T07:37:43.643Z] + ls -la app/target/attendance.war
[2026-10-05T07:37:43.644Z] -rw-r--r-- 1 root root 63815182 Oct  5 07:37 app/target/attendance.war
[2026-10-05T07:37:43.651Z] Post stage
[2026-10-05T07:37:43.668Z] [Pipeline] archiveArtifacts
[2026-10-05T07:37:43.671Z] Archiving artifacts
[2026-10-05T07:37:43.701Z] Recording fingerprints
[2026-10-05T07:37:43.843Z] [Pipeline] }
[2026-10-05T07:37:43.857Z] [Pipeline] // stage
[2026-10-05T07:37:43.866Z] [Pipeline] stage
[2026-10-05T07:37:43.867Z] [Pipeline] { (Integration test)
[2026-10-05T07:37:43.882Z] [Pipeline] sh
[2026-10-05T07:37:44.142Z] + /opt/maven/bin/mvn -B failsafe:integration-test failsafe:verify
[2026-10-05T07:37:46.009Z] [INFO] Scanning for projects...
[2026-10-05T07:37:46.009Z] [INFO] ------------------------------------------------------------------------
[2026-10-05T07:37:46.009Z] [INFO] Reactor Build Order:
[2026-10-05T07:37:46.009Z] [INFO] 
[2026-10-05T07:37:46.009Z] [INFO] Student Attendance Management Portal                               [pom]
[2026-10-05T07:37:46.009Z] [INFO] Attendance Portal :: Application                                   [war]
[2026-10-05T07:37:46.260Z] [INFO] 
[2026-10-05T07:37:46.260Z] [INFO] ----------< com.college.attendance:attendance-portal-parent >-----------
[2026-10-05T07:37:46.260Z] [INFO] Building Student Attendance Management Portal 1.0.0-SNAPSHOT       [1/2]
[2026-10-05T07:37:46.260Z] [INFO]   from pom.xml
[2026-10-05T07:37:46.260Z] [INFO] --------------------------------[ pom ]---------------------------------
[2026-10-05T07:37:46.260Z] [INFO] 
[2026-10-05T07:37:46.260Z] [INFO] --- failsafe:3.5.6:integration-test (default-cli) @ attendance-portal-parent ---
[2026-10-05T07:37:46.511Z] [INFO] No tests to run.
[2026-10-05T07:37:46.511Z] [INFO] 
[2026-10-05T07:37:46.511Z] [INFO] --- failsafe:3.5.6:verify (default-cli) @ attendance-portal-parent ---
[2026-10-05T07:37:46.511Z] [INFO] No tests to run.
[2026-10-05T07:37:46.511Z] [INFO] 
[2026-10-05T07:37:46.511Z] [INFO] ---------------< com.college.attendance:attendance-app >----------------
[2026-10-05T07:37:46.511Z] [INFO] Building Attendance Portal :: Application 1.0.0-SNAPSHOT           [2/2]
[2026-10-05T07:37:46.511Z] [INFO]   from app/pom.xml
[2026-10-05T07:37:46.511Z] [INFO] --------------------------------[ war ]---------------------------------
[2026-10-05T07:37:47.062Z] [INFO] 
[2026-10-05T07:37:47.062Z] [INFO] --- failsafe:3.5.6:integration-test (default-cli) @ attendance-app ---
[2026-10-05T07:37:47.062Z] [INFO] Using auto detected provider org.apache.maven.surefire.junitplatform.JUnitPlatformProvider
[2026-10-05T07:37:47.062Z] [INFO] 
[2026-10-05T07:37:47.062Z] [INFO] -------------------------------------------------------
[2026-10-05T07:37:47.062Z] [INFO]  T E S T S
[2026-10-05T07:37:47.062Z] [INFO] -------------------------------------------------------
[2026-10-05T07:37:47.615Z] [INFO] Running com.college.attendance.web.AttendanceWebFlowIT
[2026-10-05T07:37:47.866Z] 07:37:47.741 [main] INFO org.springframework.test.context.support.AnnotationConfigContextLoaderUtils -- Could not detect default configuration classes for test class [com.college.attendance.web.AttendanceWebFlowIT]: AttendanceWebFlowIT does not declare any static, non-private, non-final, nested classes annotated with @Configuration.
[2026-10-05T07:37:48.117Z] 07:37:47.962 [main] INFO org.springframework.boot.test.context.SpringBootTestContextBootstrapper -- Found @SpringBootConfiguration com.college.attendance.AttendancePortalApplication for test class com.college.attendance.web.AttendanceWebFlowIT
[2026-10-05T07:37:48.668Z] 
[2026-10-05T07:37:48.668Z]   .   ____          _            __ _ _
[2026-10-05T07:37:48.668Z]  /\\ / ___'_ __ _ _(_)_ __  __ _ \ \ \ \
[2026-10-05T07:37:48.668Z] ( ( )\___ | '_ | '_| | '_ \/ _` | \ \ \ \
[2026-10-05T07:37:48.668Z]  \\/  ___)| |_)| | | | | || (_| |  ) ) ) )
[2026-10-05T07:37:48.668Z]   '  |____| .__|_| |_|_| |_\__, | / / / /
[2026-10-05T07:37:48.668Z]  =========|_|==============|___/=/_/_/_/
[2026-10-05T07:37:48.668Z] 
[2026-10-05T07:37:48.668Z]  :: Spring Boot ::               (v3.5.16)
[2026-10-05T07:37:48.668Z] 
[2026-10-05T07:37:48.668Z] 2026-10-05T07:37:48.492Z  INFO 5577 --- [attendance-portal] [           main] c.c.attendance.web.AttendanceWebFlowIT   : Starting AttendanceWebFlowIT using Java 21.0.12.1 with PID 5577 (started by root in /var/jenkins_home/jobs/attendance-portal-pipeline/workspace/app)
[2026-10-05T07:37:48.668Z] 2026-10-05T07:37:48.493Z  INFO 5577 --- [attendance-portal] [           main] c.c.attendance.web.AttendanceWebFlowIT   : The following 1 profile is active: "test"
[2026-10-05T07:37:50.012Z] 2026-10-05T07:37:49.653Z  INFO 5577 --- [attendance-portal] [           main] .s.d.r.c.RepositoryConfigurationDelegate : Bootstrapping Spring Data JPA repositories in DEFAULT mode.
[2026-10-05T07:37:50.012Z] 2026-10-05T07:37:49.718Z  INFO 5577 --- [attendance-portal] [           main] .s.d.r.c.RepositoryConfigurationDelegate : Finished Spring Data repository scanning in 55 ms. Found 3 JPA repository interfaces.
[2026-10-05T07:37:50.563Z] 2026-10-05T07:37:50.281Z  INFO 5577 --- [attendance-portal] [           main] o.hibernate.jpa.internal.util.LogHelper  : HHH000204: Processing PersistenceUnitInfo [name: default]
[2026-10-05T07:37:50.563Z] 2026-10-05T07:37:50.326Z  INFO 5577 --- [attendance-portal] [           main] org.hibernate.Version                    : HHH000412: Hibernate ORM core version 6.6.53.Final
[2026-10-05T07:37:50.563Z] 2026-10-05T07:37:50.365Z  INFO 5577 --- [attendance-portal] [           main] o.h.c.internal.RegionFactoryInitiator    : HHH000026: Second-level cache disabled
[2026-10-05T07:37:50.814Z] 2026-10-05T07:37:50.724Z  INFO 5577 --- [attendance-portal] [           main] o.s.o.j.p.SpringPersistenceUnitInfo      : No LoadTimeWeaver setup: ignoring JPA class transformer
[2026-10-05T07:37:51.065Z] 2026-10-05T07:37:50.765Z  INFO 5577 --- [attendance-portal] [           main] com.zaxxer.hikari.HikariDataSource       : HikariPool-1 - Starting...
[2026-10-05T07:37:51.065Z] 2026-10-05T07:37:50.956Z  INFO 5577 --- [attendance-portal] [           main] com.zaxxer.hikari.pool.HikariPool        : HikariPool-1 - Added connection conn0: url=jdbc:h2:mem:attendance-test user=SA
[2026-10-05T07:37:51.065Z] 2026-10-05T07:37:50.959Z  INFO 5577 --- [attendance-portal] [           main] com.zaxxer.hikari.HikariDataSource       : HikariPool-1 - Start completed.
[2026-10-05T07:37:51.065Z] 2026-10-05T07:37:51.012Z  INFO 5577 --- [attendance-portal] [           main] org.hibernate.orm.connections.pooling    : HHH10001005: Database info:
[2026-10-05T07:37:51.065Z] 	Database JDBC URL [Connecting through datasource 'HikariDataSource (HikariPool-1)']
[2026-10-05T07:37:51.065Z] 	Database driver: undefined/unknown
[2026-10-05T07:37:51.065Z] 	Database version: 2.3.232
[2026-10-05T07:37:51.065Z] 	Autocommit mode: undefined/unknown
[2026-10-05T07:37:51.065Z] 	Isolation level: undefined/unknown
[2026-10-05T07:37:51.065Z] 	Minimum pool size: undefined/unknown
[2026-10-05T07:37:51.065Z] 	Maximum pool size: undefined/unknown
[2026-10-05T07:37:51.976Z] 2026-10-05T07:37:51.921Z  INFO 5577 --- [attendance-portal] [           main] o.h.e.t.j.p.i.JtaPlatformInitiator       : HHH000489: No JTA platform available (set 'hibernate.transaction.jta.platform' to enable JTA platform integration)
[2026-10-05T07:37:52.231Z] 2026-10-05T07:37:51.989Z  INFO 5577 --- [attendance-portal] [           main] j.LocalContainerEntityManagerFactoryBean : Initialized JPA EntityManagerFactory for persistence unit 'default'
[2026-10-05T07:37:52.782Z] 2026-10-05T07:37:52.458Z  INFO 5577 --- [attendance-portal] [           main] o.s.d.j.r.query.QueryEnhancerFactory     : Hibernate is in classpath; If applicable, HQL parser will be used.
[2026-10-05T07:37:53.035Z] 2026-10-05T07:37:52.812Z  INFO 5577 --- [attendance-portal] [           main] c.college.attendance.config.DataSeeder   : Seeding disabled (attendance.seed-data=false)
[2026-10-05T07:37:53.286Z] 2026-10-05T07:37:52.959Z  INFO 5577 --- [attendance-portal] [           main] r$InitializeUserDetailsManagerConfigurer : Global AuthenticationManager configured with UserDetailsService bean with name databaseUserDetailsService
[2026-10-05T07:37:53.540Z] 2026-10-05T07:37:53.391Z  INFO 5577 --- [attendance-portal] [           main] o.s.b.a.e.web.EndpointLinksResolver      : Exposing 2 endpoints beneath base path '/actuator'
[2026-10-05T07:37:54.091Z] 2026-10-05T07:37:54.035Z  INFO 5577 --- [attendance-portal] [           main] o.s.b.t.m.w.SpringBootMockServletContext : Initializing Spring TestDispatcherServlet ''
[2026-10-05T07:37:54.091Z] 2026-10-05T07:37:54.035Z  INFO 5577 --- [attendance-portal] [           main] o.s.t.web.servlet.TestDispatcherServlet  : Initializing Servlet ''
[2026-10-05T07:37:54.091Z] 2026-10-05T07:37:54.037Z  INFO 5577 --- [attendance-portal] [           main] o.s.t.web.servlet.TestDispatcherServlet  : Completed initialization in 1 ms
[2026-10-05T07:37:54.344Z] 2026-10-05T07:37:54.111Z  INFO 5577 --- [attendance-portal] [           main] c.c.attendance.web.AttendanceWebFlowIT   : Started AttendanceWebFlowIT in 5.97 seconds (process running for 7.127)
[2026-10-05T07:37:54.595Z] Mockito is currently self-attaching to enable the inline-mock-maker. This will no longer work in future releases of the JDK. Please add Mockito as an agent to your build as described in Mockito's documentation: https://javadoc.io/doc/org.mockito/mockito-core/latest/org.mockito/org/mockito/Mockito.html#0.3
[2026-10-05T07:37:54.846Z] WARNING: A Java agent has been loaded dynamically (/root/.m2/repository/net/bytebuddy/byte-buddy-agent/1.17.8/byte-buddy-agent-1.17.8.jar)
[2026-10-05T07:37:54.846Z] WARNING: If a serviceability tool is in use, please run with -XX:+EnableDynamicAgentLoading to hide this warning
[2026-10-05T07:37:54.846Z] WARNING: If a serviceability tool is not in use, please run with -Djdk.instrument.traceUsage for more information
[2026-10-05T07:37:54.846Z] WARNING: Dynamic loading of agents will be disallowed by default in a future release
[2026-10-05T07:37:55.397Z] 2026-10-05T07:37:55.142Z  INFO 5577 --- [attendance-portal] [           main] c.c.a.service.AttendanceService          : Created attendance record 1 for 1CS21CS001 in CS501 on 2026-10-04 period 2 by faculty1
[2026-10-05T07:37:56.309Z] 2026-10-05T07:37:55.952Z  INFO 5577 --- [attendance-portal] [           main] c.c.a.service.AttendanceService          : Created attendance record 2 for 1CS21CS001 in CS501 on 2026-10-04 period 1 by faculty1
[2026-10-05T07:37:56.309Z] 2026-10-05T07:37:56.112Z  INFO 5577 --- [attendance-portal] [           main] c.c.a.service.AttendanceService          : Created attendance record 3 for 1CS21CS001 in CS501 on 2026-10-04 period 1 by faculty1
[2026-10-05T07:37:56.559Z] [INFO] Tests run: 7, Failures: 0, Errors: 0, Skipped: 0, Time elapsed: 8.852 s -- in com.college.attendance.web.AttendanceWebFlowIT
[2026-10-05T07:37:56.559Z] [INFO] 
[2026-10-05T07:37:56.559Z] [INFO] Results:
[2026-10-05T07:37:56.559Z] [INFO] 
[2026-10-05T07:37:56.559Z] [INFO] Tests run: 7, Failures: 0, Errors: 0, Skipped: 0
[2026-10-05T07:37:56.559Z] [INFO] 
[2026-10-05T07:37:56.559Z] [INFO] 
[2026-10-05T07:37:56.559Z] [INFO] --- failsafe:3.5.6:verify (default-cli) @ attendance-app ---
[2026-10-05T07:37:56.810Z] [INFO] ------------------------------------------------------------------------
[2026-10-05T07:37:56.810Z] [INFO] Reactor Summary for Student Attendance Management Portal 1.0.0-SNAPSHOT:
[2026-10-05T07:37:56.810Z] [INFO] 
[2026-10-05T07:37:56.810Z] [INFO] Student Attendance Management Portal ............... SUCCESS [  0.247 s]
[2026-10-05T07:37:56.810Z] [INFO] Attendance Portal :: Application ................... SUCCESS [ 10.134 s]
[2026-10-05T07:37:56.810Z] [INFO] ------------------------------------------------------------------------
[2026-10-05T07:37:56.810Z] [INFO] BUILD SUCCESS
[2026-10-05T07:37:56.810Z] [INFO] ------------------------------------------------------------------------
[2026-10-05T07:37:56.810Z] [INFO] Total time:  10.991 s
[2026-10-05T07:37:56.810Z] [INFO] Finished at: 2026-10-05T07:37:56Z
[2026-10-05T07:37:56.810Z] [INFO] ------------------------------------------------------------------------
[2026-10-05T07:37:56.817Z] Post stage
[2026-10-05T07:37:56.831Z] [Pipeline] junit
[2026-10-05T07:37:56.834Z] Recording test results
[2026-10-05T07:37:56.850Z] [Checks API] No suitable checks publisher found.
[2026-10-05T07:37:56.862Z] [Pipeline] }
[2026-10-05T07:37:56.888Z] [Pipeline] // stage
[2026-10-05T07:37:56.903Z] [Pipeline] stage
[2026-10-05T07:37:56.906Z] [Pipeline] { (Deploy to Tomcat)
[2026-10-05T07:37:56.936Z] [Pipeline] script
[2026-10-05T07:37:56.940Z] [Pipeline] {
[2026-10-05T07:37:56.961Z] [Pipeline] sh
[2026-10-05T07:37:57.218Z] + set -e
[2026-10-05T07:37:57.218Z] + echo Deploying 1.0.6-3b4a92f to Tomcat as 'production' on port 8091
[2026-10-05T07:37:57.218Z] Deploying 1.0.6-3b4a92f to Tomcat as 'production' on port 8091
[2026-10-05T07:37:57.218Z] + docker rm -f attendance-tomcat-production
[2026-10-05T07:37:57.218Z] + docker run -d --name attendance-tomcat-production -p 8091:8080 -e ATTENDANCE_ENVIRONMENT=production -e ATTENDANCE_ELIGIBILITY_THRESHOLD=75 -e SPRING_DATASOURCE_URL=jdbc:h2:file:/usr/local/tomcat/data/attendance;DB_CLOSE_ON_EXIT=FALSE tomcat:10.1-jdk21-temurin
[2026-10-05T07:37:57.468Z] fde2c51247df83795e80e7f5f6e58c674da51cf8419a16a7811bbfe2a2801f6e
[2026-10-05T07:37:57.719Z] + sleep 5
[2026-10-05T07:38:02.915Z] + docker cp app/target/attendance.war attendance-tomcat-production:/usr/local/tomcat/webapps/attendance.war
[2026-10-05T07:38:02.923Z] [Pipeline] }
[2026-10-05T07:38:02.939Z] [Pipeline] // script
[2026-10-05T07:38:02.947Z] [Pipeline] }
[2026-10-05T07:38:02.961Z] [Pipeline] // stage
[2026-10-05T07:38:02.971Z] [Pipeline] stage
[2026-10-05T07:38:02.973Z] [Pipeline] { (Verify deployment)
[2026-10-05T07:38:02.996Z] [Pipeline] script
[2026-10-05T07:38:03.002Z] [Pipeline] {
[2026-10-05T07:38:03.018Z] [Pipeline] sh
[2026-10-05T07:38:03.276Z] + set -e
[2026-10-05T07:38:03.276Z] + seq 1 60
[2026-10-05T07:38:03.276Z] + curl -sf http://localhost:8091/attendance/actuator/health
[2026-10-05T07:38:03.276Z] + sleep 3
[2026-10-05T07:38:06.506Z] + curl -sf http://localhost:8091/attendance/actuator/health
[2026-10-05T07:38:06.506Z] + sleep 3
[2026-10-05T07:38:09.735Z] + curl -sf http://localhost:8091/attendance/actuator/health
[2026-10-05T07:38:09.736Z] + sleep 3
[2026-10-05T07:38:12.220Z] + curl -sf http://localhost:8091/attendance/actuator/health
[2026-10-05T07:38:12.220Z] + sleep 3
[2026-10-05T07:38:15.451Z] + curl -sf http://localhost:8091/attendance/actuator/health
[2026-10-05T07:38:15.451Z] + sleep 3
[2026-10-05T07:38:18.683Z] + curl -sf http://localhost:8091/attendance/actuator/health
[2026-10-05T07:38:18.683Z] + echo Health check passed after 6 attempt(s)
[2026-10-05T07:38:18.683Z] Health check passed after 6 attempt(s)
[2026-10-05T07:38:18.683Z] + curl -s http://localhost:8091/attendance/actuator/health
[2026-10-05T07:38:18.683Z] {"status":"UP"}+ echo
[2026-10-05T07:38:18.683Z] 
[2026-10-05T07:38:18.683Z] + exit 0
[2026-10-05T07:38:18.697Z] [Pipeline] sh
[2026-10-05T07:38:18.955Z] + curl -s http://localhost:8091/attendance/actuator/info
[2026-10-05T07:38:18.955Z] + sed -n s/.*"environment":"\([^"]*\)".*/\1/p
[2026-10-05T07:38:18.967Z] [Pipeline] echo
[2026-10-05T07:38:18.970Z] Deployed application reports environment: 'production'
[2026-10-05T07:38:18.976Z] [Pipeline] echo
[2026-10-05T07:38:18.979Z] Parameter verified: requested 'production', deployed 'production'
[2026-10-05T07:38:18.983Z] [Pipeline] echo
[2026-10-05T07:38:18.985Z] Deployed application URL: http://localhost:8091/attendance
[2026-10-05T07:38:18.987Z] [Pipeline] }
[2026-10-05T07:38:19.004Z] [Pipeline] // script
[2026-10-05T07:38:19.010Z] [Pipeline] }
[2026-10-05T07:38:19.023Z] [Pipeline] // stage
[2026-10-05T07:38:19.033Z] [Pipeline] stage
[2026-10-05T07:38:19.036Z] [Pipeline] { (Declarative: Post Actions)
[2026-10-05T07:38:19.057Z] [Pipeline] cleanWs
[2026-10-05T07:38:19.061Z] [WS-CLEANUP] Deleting project workspace...
[2026-10-05T07:38:19.208Z] [WS-CLEANUP] done
[2026-10-05T07:38:19.223Z] [Pipeline] echo
[2026-10-05T07:38:19.225Z] Pipeline succeeded. 1.0.6-3b4a92f is deployed at http://localhost:8091/attendance
[2026-10-05T07:38:19.235Z] [Pipeline] }
[2026-10-05T07:38:19.248Z] [Pipeline] // stage
[2026-10-05T07:38:19.253Z] [Pipeline] }
[2026-10-05T07:38:19.264Z] [Pipeline] // timeout
[2026-10-05T07:38:19.270Z] [Pipeline] }
[2026-10-05T07:38:19.283Z] [Pipeline] // timestamps
[2026-10-05T07:38:19.288Z] [Pipeline] }
[2026-10-05T07:38:19.300Z] [Pipeline] // withEnv
[2026-10-05T07:38:19.306Z] [Pipeline] }
[2026-10-05T07:38:19.317Z] [Pipeline] // withEnv
[2026-10-05T07:38:19.322Z] [Pipeline] }
[2026-10-05T07:38:19.337Z] [Pipeline] // node
[2026-10-05T07:38:19.342Z] [Pipeline] End of Pipeline
[2026-10-05T07:38:19.371Z] Finished: SUCCESS
